03:03:14 **** Incremental Build of configuration Debug for project axilite_ex ****
make all 
make --no-print-directory pre-build
a9-linaro-pre-build-step
 
make --no-print-directory main-build
Building file: ../src/helloworld.c
Invoking: ARM v7 gcc compiler
arm-none-eabi-gcc -Wall -O0 -g3 -c -fmessage-length=0 -MT"src/helloworld.o" -mcpu=cortex-a9 -mfpu=vfpv3 -mfloat-abi=hard -I/home/anubhav/workspace/axilite_ex/vitis/axilte/export/axilte/sw/axilte/standalone_ps7_cortexa9_0/bspinclude/include -MMD -MP -MF"src/helloworld.d" -MT"src/helloworld.o" -o "src/helloworld.o" "../src/helloworld.c"
Finished building: ../src/helloworld.c
 
Building target: axilite_ex.elf
Invoking: ARM v7 gcc linker
arm-none-eabi-gcc -mcpu=cortex-a9 -mfpu=vfpv3 -mfloat-abi=hard -Wl,-build-id=none -specs=Xilinx.spec -Wl,-T -Wl,../src/lscript.ld -L/home/anubhav/workspace/axilite_ex/vitis/axilte/export/axilte/sw/axilte/standalone_ps7_cortexa9_0/bsplib/lib -o "axilite_ex.elf"  ./src/helloworld.o ./src/platform.o   -Wl,--start-group,-lxil,-lgcc,-lc,--end-group
Finished building target: axilite_ex.elf
 
Invoking: ARM v7 Print Size
arm-none-eabi-size axilite_ex.elf  |tee "axilite_ex.elf.size"
   text	   data	    bss	    dec	    hex	filename
  22396	   1152	  22600	  46148	   b444	axilite_ex.elf
Finished building: axilite_ex.elf.size
 

03:03:15 Build Finished (took 227ms)

