

================================================================
== Vitis HLS Report for 'conv_combined'
================================================================
* Date:           Thu May 12 13:01:34 2022

* Version:        2020.2 (Build 3064766 on Wed Nov 18 09:12:47 MST 2020)
* Project:        conv_combined
* Solution:       solution1 (Vivado IP Flow Target)
* Product family: zynq
* Target device:  xc7z020-clg400-1


================================================================
== Performance Estimates
================================================================
+ Timing: 
    * Summary: 
    +--------+----------+----------+------------+
    |  Clock |  Target  | Estimated| Uncertainty|
    +--------+----------+----------+------------+
    |ap_clk  |  10.00 ns|  7.300 ns|     2.70 ns|
    +--------+----------+----------+------------+

+ Latency: 
    * Summary: 
    +---------+---------+----------+----------+-----+-----+---------+
    |  Latency (cycles) |  Latency (absolute) |  Interval | Pipeline|
    |   min   |   max   |    min   |    max   | min | max |   Type  |
    +---------+---------+----------+----------+-----+-----+---------+
    |        ?|        ?|         ?|         ?|    ?|    ?|     none|
    +---------+---------+----------+----------+-----+-----+---------+

    + Detail: 
        * Instance: 
        N/A

        * Loop: 
        +----------------------------------------------------------+---------+---------+----------+-----------+-----------+-------+----------+
        |                                                          |  Latency (cycles) | Iteration|  Initiation Interval  |  Trip |          |
        |                         Loop Name                        |   min   |   max   |  Latency |  achieved |   target  | Count | Pipelined|
        +----------------------------------------------------------+---------+---------+----------+-----------+-----------+-------+----------+
        |- VITIS_LOOP_45_1_VITIS_LOOP_46_2_VITIS_LOOP_47_3         |        ?|        ?|    13 ~ ?|          -|          -|      ?|        no|
        | + VITIS_LOOP_48_4                                        |        2|        ?|         3|          1|          1|  1 ~ ?|       yes|
        |- VITIS_LOOP_58_5                                         |       10|        ?|        11|          2|          1|  1 ~ ?|       yes|
        |- VITIS_LOOP_66_6_VITIS_LOOP_68_8_VITIS_LOOP_69_9         |        ?|        ?|         ?|          -|          -|      ?|        no|
        | + VITIS_LOOP_71_10                                       |        ?|        ?|     3 ~ ?|          -|          -|      ?|        no|
        |  ++ VITIS_LOOP_72_11                                     |        2|        ?|         2|          1|          1|  1 ~ ?|       yes|
        |- VITIS_LOOP_85_12_VITIS_LOOP_86_13_VITIS_LOOP_87_14      |        ?|        ?|     8 ~ ?|          -|          -|      ?|        no|
        | + VITIS_LOOP_88_15                                       |        2|        ?|         3|          1|          1|  1 ~ ?|       yes|
        |- VITIS_LOOP_95_16_VITIS_LOOP_96_17                       |        ?|        ?|         ?|          -|          -|      ?|        no|
        | + VITIS_LOOP_97_18                                       |        ?|        ?|         ?|          -|          -|      ?|        no|
        |  ++ VITIS_LOOP_98_19_VITIS_LOOP_99_20_VITIS_LOOP_100_21  |        ?|        ?|        13|          2|          1|      ?|       yes|
        |- VITIS_LOOP_112_22_VITIS_LOOP_113_23_VITIS_LOOP_114_24   |        ?|        ?|     8 ~ ?|          -|          -|      ?|        no|
        | + VITIS_LOOP_115_25                                      |        2|        ?|         3|          1|          1|  1 ~ ?|       yes|
        |- VITIS_LOOP_123_26                                       |        2|        ?|         3|          1|          1|  1 ~ ?|       yes|
        +----------------------------------------------------------+---------+---------+----------+-----------+-----------+-------+----------+



================================================================
== Utilization Estimates
================================================================
* Summary: 
+-----------------+---------+-----+--------+-------+-----+
|       Name      | BRAM_18K| DSP |   FF   |  LUT  | URAM|
+-----------------+---------+-----+--------+-------+-----+
|DSP              |        -|    7|       -|      -|    -|
|Expression       |        -|    -|       0|   5915|    -|
|FIFO             |        -|    -|       -|      -|    -|
|Instance         |        2|   11|    5964|   3939|    -|
|Memory           |        2|    -|      64|      4|    -|
|Multiplexer      |        -|    -|       -|   1433|    -|
|Register         |        -|    -|    7002|    128|    -|
+-----------------+---------+-----+--------+-------+-----+
|Total            |        4|   18|   13030|  11419|    0|
+-----------------+---------+-----+--------+-------+-----+
|Available        |      280|  220|  106400|  53200|    0|
+-----------------+---------+-----+--------+-------+-----+
|Utilization (%)  |        1|    8|      12|     21|    0|
+-----------------+---------+-----+--------+-------+-----+

+ Detail: 
    * Instance: 
    +---------------------------+-----------------------+---------+----+-----+-----+-----+
    |          Instance         |         Module        | BRAM_18K| DSP|  FF | LUT | URAM|
    +---------------------------+-----------------------+---------+----+-----+-----+-----+
    |CRTL_BUS_s_axi_U           |CRTL_BUS_s_axi         |        0|   0|  423|  682|    0|
    |gmem_m_axi_U               |gmem_m_axi             |        2|   0|  537|  677|    0|
    |mul_10s_10s_10_1_1_U18     |mul_10s_10s_10_1_1     |        0|   0|    0|   63|    0|
    |mul_10s_10s_10_1_1_U26     |mul_10s_10s_10_1_1     |        0|   0|    0|   63|    0|
    |mul_10s_10s_10_1_1_U27     |mul_10s_10s_10_1_1     |        0|   0|    0|   63|    0|
    |mul_10s_10s_10_1_1_U28     |mul_10s_10s_10_1_1     |        0|   0|    0|   63|    0|
    |mul_10s_10s_10_1_1_U29     |mul_10s_10s_10_1_1     |        0|   0|    0|   63|    0|
    |mul_10s_10s_10_1_1_U30     |mul_10s_10s_10_1_1     |        0|   0|    0|   63|    0|
    |mul_31ns_32ns_63_2_1_U17   |mul_31ns_32ns_63_2_1   |        0|   0|  165|   50|    0|
    |mul_31ns_64ns_95_5_1_U2    |mul_31ns_64ns_95_5_1   |        0|   2|  441|  256|    0|
    |mul_31ns_64ns_95_5_1_U8    |mul_31ns_64ns_95_5_1   |        0|   2|  441|  256|    0|
    |mul_31ns_96ns_127_5_1_U25  |mul_31ns_96ns_127_5_1  |        0|   3|  441|  256|    0|
    |mul_31s_31s_31_2_1_U3      |mul_31s_31s_31_2_1     |        0|   0|  141|   48|    0|
    |mul_31s_31s_31_2_1_U4      |mul_31s_31s_31_2_1     |        0|   0|  141|   48|    0|
    |mul_31s_31s_31_2_1_U5      |mul_31s_31s_31_2_1     |        0|   0|  141|   48|    0|
    |mul_31s_31s_31_2_1_U6      |mul_31s_31s_31_2_1     |        0|   0|  141|   48|    0|
    |mul_31s_31s_31_2_1_U9      |mul_31s_31s_31_2_1     |        0|   0|  141|   48|    0|
    |mul_31s_31s_31_2_1_U10     |mul_31s_31s_31_2_1     |        0|   0|  141|   48|    0|
    |mul_31s_31s_31_2_1_U11     |mul_31s_31s_31_2_1     |        0|   0|  141|   48|    0|
    |mul_31s_31s_31_2_1_U13     |mul_31s_31s_31_2_1     |        0|   0|  141|   48|    0|
    |mul_31s_31s_31_2_1_U14     |mul_31s_31s_31_2_1     |        0|   0|  141|   48|    0|
    |mul_31s_31s_31_2_1_U15     |mul_31s_31s_31_2_1     |        0|   0|  141|   48|    0|
    |mul_31s_31s_31_2_1_U19     |mul_31s_31s_31_2_1     |        0|   0|  141|   48|    0|
    |mul_31s_31s_31_2_1_U20     |mul_31s_31s_31_2_1     |        0|   0|  141|   48|    0|
    |mul_31s_31s_31_2_1_U21     |mul_31s_31s_31_2_1     |        0|   0|  141|   48|    0|
    |mul_31s_31s_31_2_1_U22     |mul_31s_31s_31_2_1     |        0|   0|  141|   48|    0|
    |mul_32ns_32ns_64_2_1_U1    |mul_32ns_32ns_64_2_1   |        0|   0|  165|   50|    0|
    |mul_32ns_32ns_64_2_1_U7    |mul_32ns_32ns_64_2_1   |        0|   0|  165|   50|    0|
    |mul_32ns_32ns_64_2_1_U12   |mul_32ns_32ns_64_2_1   |        0|   0|  165|   50|    0|
    |mul_32ns_32ns_64_2_1_U23   |mul_32ns_32ns_64_2_1   |        0|   0|  165|   50|    0|
    |mul_32ns_64ns_96_5_1_U16   |mul_32ns_64ns_96_5_1   |        0|   2|  441|  256|    0|
    |mul_32ns_64ns_96_5_1_U24   |mul_32ns_64ns_96_5_1   |        0|   2|  441|  256|    0|
    +---------------------------+-----------------------+---------+----+-----+-----+-----+
    |Total                      |                       |        2|  11| 5964| 3939|    0|
    +---------------------------+-----------------------+---------+----+-----+-----+-----+

    * DSP: 
    +------------------------------------+--------------------------------+--------------+
    |              Instance              |             Module             |  Expression  |
    +------------------------------------+--------------------------------+--------------+
    |mac_muladd_10s_10s_10ns_10_4_1_U31  |mac_muladd_10s_10s_10ns_10_4_1  |  i0 + i1 * i2|
    |mac_muladd_10s_10s_10ns_10_4_1_U32  |mac_muladd_10s_10s_10ns_10_4_1  |  i0 + i1 * i2|
    |mac_muladd_10s_10s_10ns_10_4_1_U33  |mac_muladd_10s_10s_10ns_10_4_1  |  i0 + i1 * i2|
    |mac_muladd_10s_10s_10ns_10_4_1_U34  |mac_muladd_10s_10s_10ns_10_4_1  |  i0 * i1 + i2|
    |mac_muladd_10s_10s_10ns_10_4_1_U37  |mac_muladd_10s_10s_10ns_10_4_1  |  i0 + i1 * i2|
    |mac_muladd_16s_16s_23ns_23_4_1_U35  |mac_muladd_16s_16s_23ns_23_4_1  |  i0 + i1 * i2|
    |mac_muladd_16s_16s_23ns_23_4_1_U36  |mac_muladd_16s_16s_23ns_23_4_1  |  i0 + i1 * i2|
    +------------------------------------+--------------------------------+--------------+

    * Memory: 
    +-----------+---------+---------+----+----+-----+------+-----+------+-------------+
    |   Memory  |  Module | BRAM_18K| FF | LUT| URAM| Words| Bits| Banks| W*Bits*Banks|
    +-----------+---------+---------+----+----+-----+------+-----+------+-------------+
    |bbuf_V_U   |bbuf_V   |        0|  32|   2|    0|     5|   16|     1|           80|
    |dbbuf_V_U  |bbuf_V   |        0|  32|   2|    0|     5|   16|     1|           80|
    |dwbuf_V_U  |dwbuf_V  |        1|   0|   0|    0|   625|   16|     1|        10000|
    |wbuf_V_U   |wbuf_V   |        1|   0|   0|    0|   625|   16|     1|        10000|
    +-----------+---------+---------+----+----+-----+------+-----+------+-------------+
    |Total      |         |        2|  64|   4|    0|  1260|   64|     4|        20160|
    +-----------+---------+---------+----+----+-----+------+-----+------+-------------+

    * FIFO: 
    N/A

    * Expression: 
    +---------------------------------------+----------+----+---+-----+------------+------------+
    |             Variable Name             | Operation| DSP| FF| LUT | Bitwidth P0| Bitwidth P1|
    +---------------------------------------+----------+----+---+-----+------------+------------+
    |add_ln100_fu_2401_p2                   |         +|   0|  0|   39|          32|           1|
    |add_ln1116_fu_3237_p2                  |         +|   0|  0|   13|          10|          10|
    |add_ln1118_1_fu_2406_p2                |         +|   0|  0|   13|          10|          10|
    |add_ln1118_2_fu_2387_p2                |         +|   0|  0|   10|          10|          10|
    |add_ln1118_3_fu_2049_p2                |         +|   0|  0|   14|           6|           6|
    |add_ln1118_4_fu_2200_p2                |         +|   0|  0|   14|           7|           7|
    |add_ln1118_5_fu_2221_p2                |         +|   0|  0|   37|          30|          30|
    |add_ln1118_6_fu_2308_p2                |         +|   0|  0|   14|           7|           7|
    |add_ln1118_7_fu_2324_p2                |         +|   0|  0|   37|          30|          30|
    |add_ln1118_8_fu_2346_p2                |         +|   0|  0|   13|          10|          10|
    |add_ln1118_9_fu_2391_p2                |         +|   0|  0|   10|          10|          10|
    |add_ln1118_fu_2193_p2                  |         +|   0|  0|   14|           7|           7|
    |add_ln112_1_fu_2494_p2                 |         +|   0|  0|  102|          95|           1|
    |add_ln112_fu_2518_p2                   |         +|   0|  0|   38|          31|           1|
    |add_ln113_1_fu_2812_p2                 |         +|   0|  0|   71|          64|           1|
    |add_ln113_fu_2623_p2                   |         +|   0|  0|   39|          32|           1|
    |add_ln114_fu_2807_p2                   |         +|   0|  0|   39|          32|           1|
    |add_ln115_fu_2778_p2                   |         +|   0|  0|   38|          31|           1|
    |add_ln116_1_fu_2648_p2                 |         +|   0|  0|   14|           7|           7|
    |add_ln116_2_fu_2705_p2                 |         +|   0|  0|   37|          30|          30|
    |add_ln116_3_fu_2750_p2                 |         +|   0|  0|   37|          30|          30|
    |add_ln116_4_fu_2772_p2                 |         +|   0|  0|   13|          10|          10|
    |add_ln116_5_fu_2797_p2                 |         +|   0|  0|   13|          10|          10|
    |add_ln116_fu_2607_p2                   |         +|   0|  0|   14|           6|           6|
    |add_ln123_fu_2825_p2                   |         +|   0|  0|   38|          31|           1|
    |add_ln45_1_fu_1161_p2                  |         +|   0|  0|  102|          95|           1|
    |add_ln45_fu_1190_p2                    |         +|   0|  0|   38|          31|           1|
    |add_ln46_1_fu_1493_p2                  |         +|   0|  0|   71|          64|           1|
    |add_ln46_fu_1293_p2                    |         +|   0|  0|   39|          32|           1|
    |add_ln47_fu_1488_p2                    |         +|   0|  0|   39|          32|           1|
    |add_ln48_fu_1460_p2                    |         +|   0|  0|   38|          31|           1|
    |add_ln49_1_fu_1331_p2                  |         +|   0|  0|   14|           7|           7|
    |add_ln49_2_fu_1387_p2                  |         +|   0|  0|   37|          30|          30|
    |add_ln49_3_fu_1432_p2                  |         +|   0|  0|   37|          30|          30|
    |add_ln49_4_fu_1454_p2                  |         +|   0|  0|   13|          10|          10|
    |add_ln49_5_fu_1479_p2                  |         +|   0|  0|   13|          10|          10|
    |add_ln49_fu_1272_p2                    |         +|   0|  0|   14|           6|           6|
    |add_ln58_fu_1506_p2                    |         +|   0|  0|   38|          31|           1|
    |add_ln59_fu_1521_p2                    |         +|   0|  0|   39|          32|          32|
    |add_ln60_fu_1532_p2                    |         +|   0|  0|   39|          32|          32|
    |add_ln66_2_fu_2933_p2                  |         +|   0|  0|   38|          31|           1|
    |add_ln66_4_fu_2894_p2                  |         +|   0|  0|  134|         127|           1|
    |add_ln66_fu_1554_p2                    |         +|   0|  0|   39|          32|           1|
    |add_ln67_1_fu_3196_p2                  |         +|   0|  0|  103|          96|           1|
    |add_ln67_fu_3009_p2                    |         +|   0|  0|   39|          32|           1|
    |add_ln68_1_fu_3183_p2                  |         +|   0|  0|   71|          64|           1|
    |add_ln68_fu_3087_p2                    |         +|   0|  0|   39|          32|           1|
    |add_ln69_fu_3178_p2                    |         +|   0|  0|   39|          32|           1|
    |add_ln703_1_fu_3247_p2                 |         +|   0|  0|   23|          16|          16|
    |add_ln703_fu_2489_p2                   |         +|   0|  0|   23|          16|          16|
    |add_ln71_fu_3153_p2                    |         +|   0|  0|   39|          32|           1|
    |add_ln727_1_fu_2377_p2                 |         +|   0|  0|   10|          10|          10|
    |add_ln727_2_fu_2382_p2                 |         +|   0|  0|   10|          10|          10|
    |add_ln727_fu_2294_p2                   |         +|   0|  0|   37|          30|          30|
    |add_ln72_fu_3218_p2                    |         +|   0|  0|   38|          31|           1|
    |add_ln73_fu_3213_p2                    |         +|   0|  0|   13|          10|          10|
    |add_ln85_1_fu_1618_p2                  |         +|   0|  0|  102|          95|           1|
    |add_ln85_fu_1647_p2                    |         +|   0|  0|   38|          31|           1|
    |add_ln86_1_fu_1925_p2                  |         +|   0|  0|   71|          64|           1|
    |add_ln86_fu_1714_p2                    |         +|   0|  0|   39|          32|           1|
    |add_ln87_fu_1920_p2                    |         +|   0|  0|   39|          32|           1|
    |add_ln88_fu_1892_p2                    |         +|   0|  0|   38|          31|           1|
    |add_ln89_1_fu_1753_p2                  |         +|   0|  0|   14|           7|           7|
    |add_ln89_2_fu_1819_p2                  |         +|   0|  0|   37|          30|          30|
    |add_ln89_3_fu_1864_p2                  |         +|   0|  0|   37|          30|          30|
    |add_ln89_4_fu_1886_p2                  |         +|   0|  0|   13|          10|          10|
    |add_ln89_5_fu_1911_p2                  |         +|   0|  0|   13|          10|          10|
    |add_ln89_fu_1687_p2                    |         +|   0|  0|   14|           6|           6|
    |add_ln95_2_fu_1992_p2                  |         +|   0|  0|   38|          31|           1|
    |add_ln95_4_fu_1981_p2                  |         +|   0|  0|   70|          63|           1|
    |add_ln95_fu_1966_p2                    |         +|   0|  0|   10|          32|           1|
    |add_ln96_fu_2102_p2                    |         +|   0|  0|   39|          32|           1|
    |add_ln97_fu_2067_p2                    |         +|   0|  0|   39|          32|           1|
    |add_ln98_1_fu_2111_p2                  |         +|   0|  0|  103|          96|           1|
    |add_ln98_fu_2126_p2                    |         +|   0|  0|   39|          32|           1|
    |add_ln99_2_fu_2152_p2                  |         +|   0|  0|   71|          64|           1|
    |add_ln99_fu_2173_p2                    |         +|   0|  0|   39|          32|           1|
    |empty_48_fu_1400_p2                    |         +|   0|  0|   39|          32|          32|
    |empty_52_fu_2922_p2                    |         +|   0|  0|   13|          10|          10|
    |empty_54_fu_3173_p2                    |         +|   0|  0|   10|          10|          10|
    |empty_66_fu_1799_p2                    |         +|   0|  0|   10|          31|          31|
    |empty_67_fu_1832_p2                    |         +|   0|  0|   39|          32|          32|
    |empty_70_fu_2082_p2                    |         +|   0|  0|   13|          10|          10|
    |empty_72_fu_2189_p2                    |         +|   0|  0|   13|          10|          10|
    |empty_80_fu_2685_p2                    |         +|   0|  0|   10|          31|          31|
    |empty_81_fu_2718_p2                    |         +|   0|  0|   39|          32|          32|
    |grp_fu_1058_p2                         |         +|   0|  0|   10|          32|           1|
    |grp_fu_1068_p2                         |         +|   0|  0|   13|          10|           1|
    |outH_fu_1099_p2                        |         +|   0|  0|   10|          10|           1|
    |outW_fu_1113_p2                        |         +|   0|  0|   39|          32|           1|
    |p_mid1133_fu_2277_p2                   |         +|   0|  0|   13|          10|          10|
    |p_mid131_fu_3104_p2                    |         +|   0|  0|   13|          10|          10|
    |tmp11_fu_1364_p2                       |         +|   0|  0|   38|          31|          31|
    |tmp1_fu_3168_p2                        |         +|   0|  0|   10|          10|          10|
    |tmp2_fu_1795_p2                        |         +|   0|  0|   10|          31|          31|
    |tmp4_fu_2681_p2                        |         +|   0|  0|   10|          31|          31|
    |tmp_fu_1181_p2                         |         +|   0|  0|   38|          31|          31|
    |tmp_mid1_fu_1303_p2                    |         +|   0|  0|   38|          31|          31|
    |grp_fu_1063_p2                         |         -|   0|  0|   10|          32|          32|
    |sub_ln41_fu_1095_p2                    |         -|   0|  0|   10|          10|          10|
    |sub_ln42_fu_1105_p2                    |         -|   0|  0|   39|          32|          32|
    |sub_ln66_fu_1559_p2                    |         -|   0|  0|   39|          32|          32|
    |sub_ln95_fu_1971_p2                    |         -|   0|  0|   10|          32|          32|
    |ap_block_pp0_stage0_11001              |       and|   0|  0|    2|           1|           1|
    |ap_block_pp2_stage0_11001              |       and|   0|  0|    2|           1|           1|
    |ap_block_pp4_stage0_11001              |       and|   0|  0|    2|           1|           1|
    |ap_block_pp5_stage0_11001              |       and|   0|  0|    2|           1|           1|
    |ap_block_state105_io                   |       and|   0|  0|    2|           1|           1|
    |ap_block_state110                      |       and|   0|  0|    2|           1|           1|
    |ap_block_state113_io                   |       and|   0|  0|    2|           1|           1|
    |ap_block_state118                      |       and|   0|  0|    2|           1|           1|
    |ap_block_state29_pp0_stage0_iter1      |       and|   0|  0|    2|           1|           1|
    |ap_block_state33_io                    |       and|   0|  0|    2|           1|           1|
    |ap_block_state40_pp1_stage0_iter4      |       and|   0|  0|    2|           1|           1|
    |ap_block_state41_pp1_stage1_iter4      |       and|   0|  0|    2|           1|           1|
    |ap_block_state65_pp2_stage0_iter1      |       and|   0|  0|    2|           1|           1|
    |ap_block_state96_io                    |       and|   0|  0|    2|           1|           1|
    |ap_predicate_op806_writeresp_state118  |       and|   0|  0|    2|           1|           1|
    |addr_cmp_fu_2421_p2                    |      icmp|   0|  0|   18|          32|          32|
    |cmp173388_fu_1634_p2                   |      icmp|   0|  0|   18|          32|           1|
    |grp_fu_1039_p2                         |      icmp|   0|  0|   18|          32|           1|
    |grp_fu_1044_p2                         |      icmp|   0|  0|   18|          32|           1|
    |icmp_ln100_1_fu_2250_p2                |      icmp|   0|  0|   18|          32|          32|
    |icmp_ln100_fu_1976_p2                  |      icmp|   0|  0|   18|          32|           1|
    |icmp_ln112_fu_2513_p2                  |      icmp|   0|  0|   39|          95|          95|
    |icmp_ln113_fu_2524_p2                  |      icmp|   0|  0|   29|          64|          64|
    |icmp_ln114_fu_2541_p2                  |      icmp|   0|  0|   18|          32|          32|
    |icmp_ln115_fu_2788_p2                  |      icmp|   0|  0|   18|          32|          32|
    |icmp_ln123_fu_2831_p2                  |      icmp|   0|  0|   17|          31|          31|
    |icmp_ln45_1_fu_1172_p2                 |      icmp|   0|  0|   39|          95|          95|
    |icmp_ln45_fu_1119_p2                   |      icmp|   0|  0|   18|          32|           1|
    |icmp_ln46_fu_1196_p2                   |      icmp|   0|  0|   29|          64|          64|
    |icmp_ln47_1_fu_1213_p2                 |      icmp|   0|  0|   18|          32|          32|
    |icmp_ln48_fu_1470_p2                   |      icmp|   0|  0|   18|          32|          32|
    |icmp_ln58_fu_1512_p2                   |      icmp|   0|  0|   17|          31|          31|
    |icmp_ln66_fu_2928_p2                   |      icmp|   0|  0|   49|         127|         127|
    |icmp_ln67_fu_2939_p2                   |      icmp|   0|  0|   39|          96|          96|
    |icmp_ln68_1_fu_2989_p2                 |      icmp|   0|  0|   29|          64|          64|
    |icmp_ln68_fu_2889_p2                   |      icmp|   0|  0|   29|          64|           1|
    |icmp_ln69_1_fu_2977_p2                 |      icmp|   0|  0|   18|          32|          32|
    |icmp_ln69_fu_1564_p2                   |      icmp|   0|  0|   18|          32|          32|
    |icmp_ln71_fu_3159_p2                   |      icmp|   0|  0|   18|          32|          32|
    |icmp_ln72_fu_3228_p2                   |      icmp|   0|  0|   18|          32|          32|
    |icmp_ln85_fu_1624_p2                   |      icmp|   0|  0|   39|          95|          95|
    |icmp_ln86_fu_1629_p2                   |      icmp|   0|  0|   29|          64|          64|
    |icmp_ln87_1_fu_1703_p2                 |      icmp|   0|  0|   18|          32|          32|
    |icmp_ln88_fu_1902_p2                   |      icmp|   0|  0|   18|          32|          32|
    |icmp_ln95_fu_1987_p2                   |      icmp|   0|  0|   28|          63|          63|
    |icmp_ln96_fu_1998_p2                   |      icmp|   0|  0|   18|          32|          32|
    |icmp_ln97_fu_2073_p2                   |      icmp|   0|  0|   18|          32|          32|
    |icmp_ln98_fu_2121_p2                   |      icmp|   0|  0|   39|          96|          96|
    |icmp_ln99_fu_2136_p2                   |      icmp|   0|  0|   29|          64|          64|
    |ap_block_pp1_stage0_11001              |        or|   0|  0|    2|           1|           1|
    |ap_block_pp1_stage1_11001              |        or|   0|  0|    2|           1|           1|
    |or_ln113_fu_2553_p2                    |        or|   0|  0|    2|           1|           1|
    |or_ln46_fu_1348_p2                     |        or|   0|  0|    2|           1|           1|
    |or_ln67_fu_3015_p2                     |        or|   0|  0|    2|           1|           1|
    |or_ln68_1_fu_3132_p2                   |        or|   0|  0|    2|           1|           1|
    |or_ln68_fu_3128_p2                     |        or|   0|  0|    2|           1|           1|
    |or_ln86_fu_1720_p2                     |        or|   0|  0|    2|           1|           1|
    |or_ln99_fu_2261_p2                     |        or|   0|  0|    2|           1|           1|
    |grp_fu_3277_p0                         |    select|   0|  0|   10|           1|          10|
    |grp_fu_3300_p0                         |    select|   0|  0|   10|           1|          10|
    |lhs_2_fu_2435_p3                       |    select|   0|  0|   16|           1|          16|
    |select_ln112_1_fu_2529_p3              |    select|   0|  0|   31|           1|          31|
    |select_ln112_2_fu_2669_p3              |    select|   0|  0|   31|           1|           1|
    |select_ln112_3_fu_2617_p3              |    select|   0|  0|    5|           1|           1|
    |select_ln112_4_fu_2546_p3              |    select|   0|  0|    2|           1|           1|
    |select_ln112_fu_2582_p3                |    select|   0|  0|   32|           1|           1|
    |select_ln113_1_fu_2675_p3              |    select|   0|  0|   31|           1|          31|
    |select_ln113_2_fu_2637_p3              |    select|   0|  0|    5|           1|           5|
    |select_ln113_3_fu_2654_p3              |    select|   0|  0|   32|           1|          32|
    |select_ln113_4_fu_2818_p3              |    select|   0|  0|   64|           1|           1|
    |select_ln113_fu_2559_p3                |    select|   0|  0|   32|           1|           1|
    |select_ln45_1_fu_1253_p3               |    select|   0|  0|   31|           1|          31|
    |select_ln45_2_fu_1201_p3               |    select|   0|  0|   31|           1|          31|
    |select_ln45_3_fu_1282_p3               |    select|   0|  0|   31|           1|          31|
    |select_ln45_4_fu_1287_p3               |    select|   0|  0|    5|           1|           1|
    |select_ln45_5_fu_1218_p3               |    select|   0|  0|    2|           1|           1|
    |select_ln45_fu_1246_p3                 |    select|   0|  0|   32|           1|           1|
    |select_ln46_1_fu_1309_p3               |    select|   0|  0|   31|           1|          31|
    |select_ln46_2_fu_1320_p3               |    select|   0|  0|    5|           1|           5|
    |select_ln46_3_fu_1337_p3               |    select|   0|  0|   32|           1|          32|
    |select_ln46_4_fu_1499_p3               |    select|   0|  0|   64|           1|           1|
    |select_ln46_fu_1352_p3                 |    select|   0|  0|   32|           1|           1|
    |select_ln66_1_fu_3040_p3               |    select|   0|  0|   10|           1|          10|
    |select_ln66_2_fu_2969_p3               |    select|   0|  0|    3|           1|           3|
    |select_ln66_3_fu_3045_p3               |    select|   0|  0|   10|           1|           1|
    |select_ln66_4_fu_3051_p3               |    select|   0|  0|   10|           1|          10|
    |select_ln66_5_fu_2982_p3               |    select|   0|  0|    2|           1|           1|
    |select_ln66_6_fu_2994_p3               |    select|   0|  0|    2|           1|           1|
    |select_ln66_7_fu_3001_p3               |    select|   0|  0|   31|           1|          31|
    |select_ln66_fu_2944_p3                 |    select|   0|  0|   32|           1|           1|
    |select_ln67_1_fu_3067_p3               |    select|   0|  0|   10|           1|          10|
    |select_ln67_2_fu_3074_p3               |    select|   0|  0|   10|           1|           1|
    |select_ln67_3_fu_3080_p3               |    select|   0|  0|   10|           1|          10|
    |select_ln67_4_fu_3025_p3               |    select|   0|  0|    2|           1|           1|
    |select_ln67_5_fu_3032_p3               |    select|   0|  0|   32|           1|          32|
    |select_ln67_6_fu_3202_p3               |    select|   0|  0|   96|           1|           1|
    |select_ln67_fu_3056_p3                 |    select|   0|  0|   32|           1|           1|
    |select_ln68_1_fu_3097_p3               |    select|   0|  0|   10|           1|          10|
    |select_ln68_3_fu_3117_p3               |    select|   0|  0|   32|           1|          32|
    |select_ln68_4_fu_3189_p3               |    select|   0|  0|   64|           1|           1|
    |select_ln68_fu_3137_p3                 |    select|   0|  0|   32|           1|           1|
    |select_ln85_1_fu_1660_p3               |    select|   0|  0|   31|           1|          31|
    |select_ln85_2_fu_1783_p3               |    select|   0|  0|   31|           1|           1|
    |select_ln85_3_fu_1697_p3               |    select|   0|  0|    5|           1|           1|
    |select_ln85_4_fu_1708_p3               |    select|   0|  0|    2|           1|           1|
    |select_ln85_fu_1653_p3                 |    select|   0|  0|   32|           1|           1|
    |select_ln86_1_fu_1789_p3               |    select|   0|  0|   31|           1|          31|
    |select_ln86_2_fu_1741_p3               |    select|   0|  0|    5|           1|           5|
    |select_ln86_3_fu_1759_p3               |    select|   0|  0|   32|           1|          32|
    |select_ln86_4_fu_1931_p3               |    select|   0|  0|   64|           1|           1|
    |select_ln86_fu_1725_p3                 |    select|   0|  0|   32|           1|           1|
    |select_ln95_1_fu_2004_p3               |    select|   0|  0|   31|           1|          31|
    |select_ln95_fu_2020_p3                 |    select|   0|  0|   32|           1|           1|
    |select_ln98_1_fu_2141_p3               |    select|   0|  0|   32|           1|          32|
    |select_ln98_2_fu_2227_p3               |    select|   0|  0|   10|           1|          10|
    |select_ln98_3_fu_2232_p3               |    select|   0|  0|    7|           1|           1|
    |select_ln98_4_fu_2238_p3               |    select|   0|  0|    7|           1|           7|
    |select_ln98_5_fu_2244_p3               |    select|   0|  0|   10|           1|          10|
    |select_ln98_6_fu_2255_p3               |    select|   0|  0|    2|           1|           1|
    |select_ln98_fu_2166_p3                 |    select|   0|  0|   32|           1|           1|
    |select_ln99_1_fu_2283_p3               |    select|   0|  0|    7|           1|           7|
    |select_ln99_2_fu_2312_p3               |    select|   0|  0|    7|           1|           7|
    |select_ln99_4_fu_2360_p3               |    select|   0|  0|   32|           1|          32|
    |select_ln99_5_fu_2183_p3               |    select|   0|  0|   64|           1|           1|
    |select_ln99_fu_2266_p3                 |    select|   0|  0|   32|           1|           1|
    |ap_enable_pp0                          |       xor|   0|  0|    2|           1|           2|
    |ap_enable_pp1                          |       xor|   0|  0|    2|           1|           2|
    |ap_enable_pp2                          |       xor|   0|  0|    2|           1|           2|
    |ap_enable_pp3                          |       xor|   0|  0|    2|           1|           2|
    |ap_enable_pp4                          |       xor|   0|  0|    2|           1|           2|
    |ap_enable_pp5                          |       xor|   0|  0|    2|           1|           2|
    |ap_enable_pp6                          |       xor|   0|  0|    2|           1|           2|
    |ap_enable_reg_pp0_iter1                |       xor|   0|  0|    2|           2|           1|
    |ap_enable_reg_pp2_iter1                |       xor|   0|  0|    2|           2|           1|
    |ap_enable_reg_pp4_iter1                |       xor|   0|  0|    2|           2|           1|
    |ap_enable_reg_pp5_iter1                |       xor|   0|  0|    2|           2|           1|
    +---------------------------------------+----------+----+---+-----+------------+------------+
    |Total                                  |          |   0|  0| 5915|        4876|        3394|
    +---------------------------------------+----------+----+---+-----+------------+------------+

    * Multiplexer: 
    +--------------------------------------------+-----+-----------+-----+-----------+
    |                    Name                    | LUT | Input Size| Bits| Total Bits|
    +--------------------------------------------+-----+-----------+-----+-----------+
    |ap_NS_fsm                                   |  566|        113|    1|        113|
    |ap_enable_reg_pp0_iter1                     |    9|          2|    1|          2|
    |ap_enable_reg_pp0_iter2                     |    9|          2|    1|          2|
    |ap_enable_reg_pp1_iter5                     |    9|          2|    1|          2|
    |ap_enable_reg_pp2_iter1                     |    9|          2|    1|          2|
    |ap_enable_reg_pp2_iter2                     |    9|          2|    1|          2|
    |ap_enable_reg_pp3_iter2                     |    9|          2|    1|          2|
    |ap_enable_reg_pp3_iter6                     |    9|          2|    1|          2|
    |ap_enable_reg_pp4_iter1                     |    9|          2|    1|          2|
    |ap_enable_reg_pp4_iter2                     |    9|          2|    1|          2|
    |ap_enable_reg_pp5_iter1                     |    9|          2|    1|          2|
    |ap_enable_reg_pp5_iter2                     |    9|          2|    1|          2|
    |ap_enable_reg_pp6_iter1                     |    9|          2|    1|          2|
    |ap_phi_mux_c_1_phi_fu_781_p4                |    9|          2|   32|         64|
    |ap_phi_mux_fh_1_phi_fu_804_p4               |    9|          2|   32|         64|
    |ap_phi_mux_fw_1_phi_fu_815_p4               |    9|          2|   32|         64|
    |ap_phi_mux_i_1_phi_fu_633_p4                |    9|          2|   31|         62|
    |ap_phi_mux_indvar_flatten137_phi_fu_793_p4  |    9|          2|   64|        128|
    |ap_phi_mux_indvar_flatten168_phi_fu_770_p4  |    9|          2|   96|        192|
    |bbuf_V_address0                             |   14|          3|    3|          9|
    |c_1_reg_777                                 |    9|          2|   32|         64|
    |c_reg_935                                   |    9|          2|   32|         64|
    |dbbuf_V_address0                            |   25|          5|    3|         15|
    |dbbuf_V_d0                                  |   14|          3|   16|         48|
    |dwbuf_V_address0                            |   14|          3|   10|         30|
    |dwbuf_V_address1                            |   14|          3|   10|         30|
    |dwbuf_V_d0                                  |   14|          3|   16|         48|
    |dx_Addr_A_orig                              |   14|          3|   32|         96|
    |dx_WEN_A                                    |    9|          2|    2|          4|
    |empty_53_reg_982                            |    9|          2|   16|         32|
    |empty_56_reg_1014                           |    9|          2|   16|         32|
    |empty_58_reg_1026                           |    9|          2|   16|         32|
    |empty_69_reg_755                            |    9|          2|   16|         32|
    |f_1_reg_721                                 |    9|          2|   31|         62|
    |f_reg_912                                   |    9|          2|   31|         62|
    |fh_1_reg_800                                |    9|          2|   32|         64|
    |fh_reg_992                                  |    9|          2|   32|         64|
    |fw_1_reg_811                                |    9|          2|   32|         64|
    |fw_reg_1003                                 |    9|          2|   31|         62|
    |gmem_ARADDR                                 |   25|          5|   32|        160|
    |gmem_ARLEN                                  |   14|          3|   32|         96|
    |gmem_AWADDR                                 |   14|          3|   32|         96|
    |gmem_AWLEN                                  |   14|          3|   32|         96|
    |gmem_WDATA                                  |   14|          3|   16|         48|
    |gmem_blk_n_AR                               |    9|          2|    1|          2|
    |gmem_blk_n_AW                               |    9|          2|    1|          2|
    |gmem_blk_n_B                                |    9|          2|    1|          2|
    |gmem_blk_n_R                                |    9|          2|    1|          2|
    |gmem_blk_n_W                                |    9|          2|    1|          2|
    |h_1_reg_732                                 |    9|          2|   32|         64|
    |h_reg_958                                   |    9|          2|   32|         64|
    |i_1_reg_629                                 |    9|          2|   31|         62|
    |i_2_reg_663                                 |    9|          2|   31|         62|
    |i_3_reg_845                                 |    9|          2|   31|         62|
    |i_4_reg_890                                 |    9|          2|   31|         62|
    |i_reg_570                                   |    9|          2|   31|         62|
    |indvar_flatten101_reg_675                   |    9|          2|   64|        128|
    |indvar_flatten124_reg_652                   |    9|          2|   95|        190|
    |indvar_flatten137_reg_789                   |    9|          2|   64|        128|
    |indvar_flatten168_reg_766                   |    9|          2|   96|        192|
    |indvar_flatten181_reg_710                   |    9|          2|   63|        126|
    |indvar_flatten192_reg_856                   |    9|          2|   64|        128|
    |indvar_flatten215_reg_822                   |    9|          2|   95|        190|
    |indvar_flatten21_reg_559                    |    9|          2|   95|        190|
    |indvar_flatten35_reg_946                    |    9|          2|   64|        128|
    |indvar_flatten56_reg_923                    |    9|          2|   96|        192|
    |indvar_flatten90_reg_901                    |    9|          2|  127|        254|
    |indvar_flatten_reg_582                      |    9|          2|   64|        128|
    |j_1_reg_640                                 |    9|          2|   32|         64|
    |j_2_reg_833                                 |    9|          2|   32|         64|
    |j_reg_594                                   |    9|          2|   32|         64|
    |k_1_reg_687                                 |    9|          2|   32|         64|
    |k_2_reg_868                                 |    9|          2|   32|         64|
    |k_reg_606                                   |    9|          2|   32|         64|
    |l_1_reg_699                                 |    9|          2|   31|         62|
    |l_2_reg_879                                 |    9|          2|   31|         62|
    |l_reg_618                                   |    9|          2|   31|         62|
    |reuse_addr_reg_fu_238                       |    9|          2|   32|         64|
    |reuse_reg_fu_242                            |    9|          2|   16|         32|
    |w_1_reg_744                                 |    9|          2|   32|         64|
    |w_reg_970                                   |    9|          2|   32|         64|
    |wbuf_V_address0                             |   14|          3|   10|         30|
    |x_Addr_A_orig                               |   14|          3|   32|         96|
    |y_Addr_A_orig                               |   14|          3|   32|         96|
    |y_Din_A                                     |   14|          3|   16|         48|
    |y_WEN_A                                     |    9|          2|    2|          4|
    +--------------------------------------------+-----+-----------+-----+-----------+
    |Total                                       | 1433|        303| 2553|       5611|
    +--------------------------------------------+-----+-----------+-----+-----------+

    * Register: 
    +------------------------------------+-----+----+-----+-----------+
    |                Name                |  FF | LUT| Bits| Const Bits|
    +------------------------------------+-----+----+-----+-----------+
    |C_read_reg_3376                     |   32|   0|   32|          0|
    |FH_read_reg_3348                    |   32|   0|   32|          0|
    |FW_read_reg_3327                    |   32|   0|   32|          0|
    |F_read_reg_3386                     |   32|   0|   32|          0|
    |H_read_reg_3371                     |   32|   0|   32|          0|
    |W_read_reg_3362                     |   32|   0|   32|          0|
    |add_ln100_reg_4219                  |   32|   0|   32|          0|
    |add_ln1118_1_reg_4229               |   10|   0|   10|          0|
    |add_ln1118_8_reg_4187               |   10|   0|   10|          0|
    |add_ln112_1_reg_4290                |   95|   0|   95|          0|
    |add_ln116_1_reg_4363                |    7|   0|    7|          0|
    |add_ln116_4_reg_4400                |   10|   0|   10|          0|
    |add_ln45_1_reg_3512                 |   95|   0|   95|          0|
    |add_ln45_reg_3537                   |   31|   0|   31|          0|
    |add_ln49_1_reg_3592                 |    7|   0|    7|          0|
    |add_ln49_4_reg_3630                 |   10|   0|   10|          0|
    |add_ln49_5_reg_3644                 |   10|   0|   10|          0|
    |add_ln49_5_reg_3644_pp0_iter1_reg   |   10|   0|   10|          0|
    |add_ln58_reg_3664                   |   31|   0|   31|          0|
    |add_ln66_4_reg_4510                 |  127|   0|  127|          0|
    |add_ln71_reg_4641                   |   32|   0|   32|          0|
    |add_ln727_2_reg_4209                |   10|   0|   10|          0|
    |add_ln73_reg_4669                   |   10|   0|   10|          0|
    |add_ln85_1_reg_3806                 |   95|   0|   95|          0|
    |add_ln89_1_reg_3861                 |    7|   0|    7|          0|
    |add_ln89_4_reg_3903                 |   10|   0|   10|          0|
    |add_ln89_5_reg_3917                 |   10|   0|   10|          0|
    |add_ln89_5_reg_3917_pp2_iter1_reg   |   10|   0|   10|          0|
    |add_ln95_4_reg_3988                 |   63|   0|   63|          0|
    |add_ln97_reg_4053                   |   32|   0|   32|          0|
    |add_ln98_1_reg_4088                 |   96|   0|   96|          0|
    |add_ln98_reg_4102                   |   32|   0|   32|          0|
    |add_ln99_2_reg_4134                 |   64|   0|   64|          0|
    |add_ln99_reg_4155                   |   32|   0|   32|          0|
    |addr_cmp_reg_4249                   |    1|   0|    1|          0|
    |ap_CS_fsm                           |  112|   0|  112|          0|
    |ap_enable_reg_pp0_iter0             |    1|   0|    1|          0|
    |ap_enable_reg_pp0_iter1             |    1|   0|    1|          0|
    |ap_enable_reg_pp0_iter2             |    1|   0|    1|          0|
    |ap_enable_reg_pp1_iter0             |    1|   0|    1|          0|
    |ap_enable_reg_pp1_iter1             |    1|   0|    1|          0|
    |ap_enable_reg_pp1_iter2             |    1|   0|    1|          0|
    |ap_enable_reg_pp1_iter3             |    1|   0|    1|          0|
    |ap_enable_reg_pp1_iter4             |    1|   0|    1|          0|
    |ap_enable_reg_pp1_iter5             |    1|   0|    1|          0|
    |ap_enable_reg_pp2_iter0             |    1|   0|    1|          0|
    |ap_enable_reg_pp2_iter1             |    1|   0|    1|          0|
    |ap_enable_reg_pp2_iter2             |    1|   0|    1|          0|
    |ap_enable_reg_pp3_iter0             |    1|   0|    1|          0|
    |ap_enable_reg_pp3_iter1             |    1|   0|    1|          0|
    |ap_enable_reg_pp3_iter2             |    1|   0|    1|          0|
    |ap_enable_reg_pp3_iter3             |    1|   0|    1|          0|
    |ap_enable_reg_pp3_iter4             |    1|   0|    1|          0|
    |ap_enable_reg_pp3_iter5             |    1|   0|    1|          0|
    |ap_enable_reg_pp3_iter6             |    1|   0|    1|          0|
    |ap_enable_reg_pp4_iter0             |    1|   0|    1|          0|
    |ap_enable_reg_pp4_iter1             |    1|   0|    1|          0|
    |ap_enable_reg_pp4_iter2             |    1|   0|    1|          0|
    |ap_enable_reg_pp5_iter0             |    1|   0|    1|          0|
    |ap_enable_reg_pp5_iter1             |    1|   0|    1|          0|
    |ap_enable_reg_pp5_iter2             |    1|   0|    1|          0|
    |ap_enable_reg_pp6_iter0             |    1|   0|    1|          0|
    |ap_enable_reg_pp6_iter1             |    1|   0|    1|          0|
    |b_read_reg_3400                     |   32|   0|   32|          0|
    |bound106_reg_3784                   |   95|   0|   95|          0|
    |bound129_reg_3937                   |   64|   0|   64|          0|
    |bound142_reg_3973                   |   96|   0|   96|          0|
    |bound175_reg_3978                   |   63|   0|   63|          0|
    |bound26_reg_4458                    |   64|   0|   64|          0|
    |bound40_reg_4475                    |   96|   0|   96|          0|
    |bound4_reg_3502                     |   95|   0|   95|          0|
    |bound62_reg_4500                    |  127|   0|  127|          0|
    |bound95_reg_3725                    |   64|   0|   64|          0|
    |bound_reg_3461                      |   64|   0|   64|          0|
    |c_1_reg_777                         |   32|   0|   32|          0|
    |c_reg_935                           |   32|   0|   32|          0|
    |cast94_reg_3707                     |   32|   0|   64|         32|
    |cmp103321_reg_4491                  |    1|   0|    1|          0|
    |cmp144403_reg_3774                  |    1|   0|    1|          0|
    |cmp173388_reg_3830                  |    1|   0|    1|          0|
    |cmp57428_reg_3482                   |    1|   0|    1|          0|
    |db_read_reg_3395                    |   32|   0|   32|          0|
    |dbbuf_V_addr_1_reg_4041             |    3|   0|    3|          0|
    |dwbuf_V_addr_2_reg_4274             |   10|   0|   10|          0|
    |dwbuf_V_load_reg_4419               |   16|   0|   16|          0|
    |dwt_read_reg_3405                   |   32|   0|   32|          0|
    |dx_addr_reg_4244                    |   10|   0|   10|          0|
    |dx_addr_reg_4244_pp3_iter4_reg      |   10|   0|   10|          0|
    |empty_41_reg_3421                   |   10|   0|   10|          0|
    |empty_42_reg_3467                   |   31|   0|   31|          0|
    |empty_43_reg_3497                   |   31|   0|   31|          0|
    |empty_44_reg_3521                   |   31|   0|   31|          0|
    |empty_47_reg_3619                   |   31|   0|   31|          0|
    |empty_50_reg_4515                   |   10|   0|   10|          0|
    |empty_51_reg_4520                   |   10|   0|   10|          0|
    |empty_52_reg_4530                   |   10|   0|   10|          0|
    |empty_53_reg_982                    |   16|   0|   16|          0|
    |empty_54_reg_4649                   |   10|   0|   10|          0|
    |empty_56_reg_1014                   |   16|   0|   16|          0|
    |empty_58_reg_1026                   |   16|   0|   16|          0|
    |empty_59_reg_3732                   |   31|   0|   31|          0|
    |empty_60_reg_3760                   |   31|   0|   31|          0|
    |empty_61_reg_3778                   |   31|   0|   31|          0|
    |empty_62_reg_3811                   |   31|   0|   31|          0|
    |empty_65_reg_3887                   |   31|   0|   31|          0|
    |empty_66_reg_3892                   |   31|   0|   31|          0|
    |empty_68_reg_4046                   |    7|   0|    7|          0|
    |empty_69_reg_755                    |   16|   0|   16|          0|
    |empty_74_reg_4036                   |   10|   0|   10|          0|
    |empty_75_reg_4309                   |   31|   0|   31|          0|
    |empty_79_reg_4379                   |   31|   0|   31|          0|
    |empty_80_reg_4389                   |   31|   0|   31|          0|
    |empty_reg_3416                      |   10|   0|   10|          0|
    |f_1_reg_721                         |   31|   0|   31|          0|
    |f_reg_912                           |   31|   0|   31|          0|
    |fh_1_reg_800                        |   32|   0|   32|          0|
    |fh_reg_992                          |   32|   0|   32|          0|
    |fw_1_reg_811                        |   32|   0|   32|          0|
    |fw_reg_1003                         |   31|   0|   31|          0|
    |fwprop_read_reg_3323                |    1|   0|    1|          0|
    |gmem_addr_1_read_reg_3697           |   16|   0|   16|          0|
    |gmem_addr_1_reg_3686                |   32|   0|   32|          0|
    |gmem_addr_2_read_reg_3649           |   16|   0|   16|          0|
    |gmem_addr_2_reg_3624                |   32|   0|   32|          0|
    |gmem_addr_4_read_reg_3922           |   16|   0|   16|          0|
    |gmem_addr_4_reg_3897                |   32|   0|   32|          0|
    |gmem_addr_5_reg_4394                |   32|   0|   32|          0|
    |gmem_addr_read_reg_3692             |   16|   0|   16|          0|
    |gmem_addr_reg_3680                  |   32|   0|   32|          0|
    |h_1_reg_732                         |   32|   0|   32|          0|
    |h_reg_958                           |   32|   0|   32|          0|
    |i_1_reg_629                         |   31|   0|   31|          0|
    |i_2_reg_663                         |   31|   0|   31|          0|
    |i_3_reg_845                         |   31|   0|   31|          0|
    |i_4_reg_890                         |   31|   0|   31|          0|
    |i_reg_570                           |   31|   0|   31|          0|
    |icmp_ln100_reg_3983                 |    1|   0|    1|          0|
    |icmp_ln112_reg_4305                 |    1|   0|    1|          0|
    |icmp_ln113_reg_4314                 |    1|   0|    1|          0|
    |icmp_ln115_reg_4410                 |    1|   0|    1|          0|
    |icmp_ln115_reg_4410_pp4_iter1_reg   |    1|   0|    1|          0|
    |icmp_ln123_reg_4439                 |    1|   0|    1|          0|
    |icmp_ln123_reg_4439_pp5_iter1_reg   |    1|   0|    1|          0|
    |icmp_ln45_1_reg_3517                |    1|   0|    1|          0|
    |icmp_ln45_reg_3447                  |    1|   0|    1|          0|
    |icmp_ln46_reg_3542                  |    1|   0|    1|          0|
    |icmp_ln47_reg_3507                  |    1|   0|    1|          0|
    |icmp_ln48_reg_3640                  |    1|   0|    1|          0|
    |icmp_ln48_reg_3640_pp0_iter1_reg    |    1|   0|    1|          0|
    |icmp_ln58_reg_3669                  |    1|   0|    1|          0|
    |icmp_ln67_reg_4538                  |    1|   0|    1|          0|
    |icmp_ln68_reg_4505                  |    1|   0|    1|          0|
    |icmp_ln69_reg_3719                  |    1|   0|    1|          0|
    |icmp_ln72_reg_4679                  |    1|   0|    1|          0|
    |icmp_ln86_reg_3819                  |    1|   0|    1|          0|
    |icmp_ln87_reg_3790                  |    1|   0|    1|          0|
    |icmp_ln88_reg_3913                  |    1|   0|    1|          0|
    |icmp_ln88_reg_3913_pp2_iter1_reg    |    1|   0|    1|          0|
    |icmp_ln96_reg_3996                  |    1|   0|    1|          0|
    |icmp_ln98_reg_4098                  |    1|   0|    1|          0|
    |icmp_ln99_reg_4112                  |    1|   0|    1|          0|
    |indvar_flatten101_reg_675           |   64|   0|   64|          0|
    |indvar_flatten124_reg_652           |   95|   0|   95|          0|
    |indvar_flatten137_reg_789           |   64|   0|   64|          0|
    |indvar_flatten168_reg_766           |   96|   0|   96|          0|
    |indvar_flatten181_reg_710           |   63|   0|   63|          0|
    |indvar_flatten192_reg_856           |   64|   0|   64|          0|
    |indvar_flatten215_reg_822           |   95|   0|   95|          0|
    |indvar_flatten21_reg_559            |   95|   0|   95|          0|
    |indvar_flatten35_reg_946            |   64|   0|   64|          0|
    |indvar_flatten56_reg_923            |   96|   0|   96|          0|
    |indvar_flatten90_reg_901            |  127|   0|  127|          0|
    |indvar_flatten_reg_582              |   64|   0|   64|          0|
    |j_1_reg_640                         |   32|   0|   32|          0|
    |j_2_reg_833                         |   32|   0|   32|          0|
    |j_reg_594                           |   32|   0|   32|          0|
    |k_1_reg_687                         |   32|   0|   32|          0|
    |k_2_reg_868                         |   32|   0|   32|          0|
    |k_reg_606                           |   32|   0|   32|          0|
    |l_1_reg_699                         |   31|   0|   31|          0|
    |l_2_reg_879                         |   31|   0|   31|          0|
    |l_reg_618                           |   31|   0|   31|          0|
    |mul_ln112_reg_4374                  |   31|   0|   31|          0|
    |mul_ln46_reg_3603                   |   31|   0|   31|          0|
    |mul_ln85_reg_3877                   |   31|   0|   31|          0|
    |or_ln67_reg_4570                    |    1|   0|    1|          0|
    |outH_reg_3430                       |   10|   0|   10|          0|
    |outW_reg_3442                       |   32|   0|   32|          0|
    |p_mid1190_reg_4384                  |   31|   0|   31|          0|
    |p_mid170_reg_4547                   |   10|   0|   10|          0|
    |p_mid199_reg_3882                   |   31|   0|   31|          0|
    |p_mid1_reg_3581                     |   31|   0|   31|          0|
    |r_V_reg_4077                        |   16|   0|   16|          0|
    |reg_1073                            |   32|   0|   32|          0|
    |reg_1077                            |   10|   0|   10|          0|
    |reg_1081                            |   16|   0|   16|          0|
    |reuse_addr_reg_fu_238               |   32|   0|   32|          0|
    |reuse_reg_fu_242                    |   16|   0|   16|          0|
    |select_ln112_1_reg_4322             |   31|   0|   31|          0|
    |select_ln112_4_reg_4334             |    1|   0|    1|          0|
    |select_ln113_3_reg_4369             |   32|   0|   32|          0|
    |select_ln113_reg_4341               |   32|   0|   32|          0|
    |select_ln45_2_reg_3552              |   31|   0|   31|          0|
    |select_ln45_5_reg_3563              |    1|   0|    1|          0|
    |select_ln46_1_reg_3587              |   31|   0|   31|          0|
    |select_ln46_3_reg_3598              |   32|   0|   32|          0|
    |select_ln46_reg_3608                |   32|   0|   32|          0|
    |select_ln66_2_reg_4553              |    3|   0|    3|          0|
    |select_ln66_6_reg_4558              |    1|   0|    1|          0|
    |select_ln66_7_reg_4565              |   31|   0|   31|          0|
    |select_ln67_1_reg_4595              |   10|   0|   10|          0|
    |select_ln67_4_reg_4582              |    1|   0|    1|          0|
    |select_ln67_5_reg_4590              |   32|   0|   32|          0|
    |select_ln68_1_reg_4600              |   10|   0|   10|          0|
    |select_ln68_3_reg_4610              |   32|   0|   32|          0|
    |select_ln68_reg_4620                |   32|   0|   32|          0|
    |select_ln85_1_reg_3839              |   31|   0|   31|          0|
    |select_ln85_4_reg_3845              |    1|   0|    1|          0|
    |select_ln86_3_reg_3867              |   32|   0|   32|          0|
    |select_ln86_reg_3850                |   32|   0|   32|          0|
    |select_ln95_1_reg_4001              |   31|   0|   31|          0|
    |select_ln95_reg_4018                |   32|   0|   32|          0|
    |select_ln98_1_reg_4124              |   32|   0|   32|          0|
    |select_ln98_reg_4150                |   32|   0|   32|          0|
    |select_ln99_4_reg_4197              |   32|   0|   32|          0|
    |select_ln99_5_reg_4167              |   64|   0|   64|          0|
    |select_ln99_reg_4172                |   32|   0|   32|          0|
    |sext_ln1118_1_reg_4082              |   23|   0|   23|          0|
    |sext_ln58_1_reg_3576                |   32|   0|   32|          0|
    |sext_ln58_reg_3571                  |   32|   0|   32|          0|
    |sub_ln66_reg_3713                   |   32|   0|   32|          0|
    |sub_ln95_reg_3968                   |   32|   0|   32|          0|
    |tmp11_reg_3614                      |   31|   0|   31|          0|
    |tmp_reg_3527                        |   31|   0|   31|          0|
    |trunc_ln101_reg_4202                |   10|   0|   10|          0|
    |trunc_ln101_reg_4202_pp3_iter2_reg  |   10|   0|   10|          0|
    |trunc_ln112_reg_4328                |    3|   0|    3|          0|
    |trunc_ln113_1_reg_4358              |   31|   0|   31|          0|
    |trunc_ln114_reg_4347                |   31|   0|   31|          0|
    |trunc_ln116_reg_4300                |    5|   0|    5|          0|
    |trunc_ln42_reg_3437                 |   10|   0|   10|          0|
    |trunc_ln45_1_reg_3491               |   31|   0|   31|          0|
    |trunc_ln45_2_reg_3557               |    3|   0|    3|          0|
    |trunc_ln45_reg_3486                 |   31|   0|   31|          0|
    |trunc_ln49_reg_3532                 |    5|   0|    5|          0|
    |trunc_ln66_reg_4495                 |   10|   0|   10|          0|
    |trunc_ln67_1_reg_4577               |   10|   0|   10|          0|
    |trunc_ln68_reg_4525                 |   10|   0|   10|          0|
    |trunc_ln69_reg_4625                 |   10|   0|   10|          0|
    |trunc_ln708_1_reg_4269              |   16|   0|   16|          0|
    |trunc_ln727_1_reg_4161              |    7|   0|    7|          0|
    |trunc_ln727_2_reg_4177              |   10|   0|   10|          0|
    |trunc_ln727_3_reg_4182              |    8|   0|    8|          0|
    |trunc_ln727_reg_4144                |    7|   0|    7|          0|
    |trunc_ln85_reg_3748                 |   31|   0|   31|          0|
    |trunc_ln86_1_reg_3856               |   31|   0|   31|          0|
    |trunc_ln87_reg_3872                 |   31|   0|   31|          0|
    |trunc_ln89_reg_3801                 |    5|   0|    5|          0|
    |trunc_ln95_2_reg_4011               |    3|   0|    3|          0|
    |trunc_ln95_reg_3963                 |   10|   0|   10|          0|
    |trunc_ln96_reg_4024                 |   10|   0|   10|          0|
    |trunc_ln97_reg_4061                 |   10|   0|   10|          0|
    |trunc_ln98_2_reg_4129               |    5|   0|    5|          0|
    |trunc_ln99_reg_4139                 |   10|   0|   10|          0|
    |w_1_reg_744                         |   32|   0|   32|          0|
    |w_reg_970                           |   32|   0|   32|          0|
    |wbuf_V_load_reg_4224                |   16|   0|   16|          0|
    |wt_read_reg_3411                    |   32|   0|   32|          0|
    |x_load_1_reg_4254                   |   16|   0|   16|          0|
    |y_addr_reg_4636                     |   10|   0|   10|          0|
    |zext_ln59_reg_3673                  |   31|   0|   32|          1|
    |zext_ln96_reg_4031                  |    6|   0|    7|          1|
    |add_ln727_2_reg_4209                |   64|  32|   10|          0|
    |icmp_ln58_reg_3669                  |   64|  32|    1|          0|
    |icmp_ln98_reg_4098                  |   64|  32|    1|          0|
    |zext_ln59_reg_3673                  |   64|  32|   32|          1|
    +------------------------------------+-----+----+-----+-----------+
    |Total                               | 7002| 128| 6824|         35|
    +------------------------------------+-----+----+-----+-----------+



================================================================
== Interface
================================================================
* Summary: 
+------------------------+-----+-----+------------+---------------+--------------+
|        RTL Ports       | Dir | Bits|  Protocol  | Source Object |    C Type    |
+------------------------+-----+-----+------------+---------------+--------------+
|s_axi_CRTL_BUS_AWVALID  |   in|    1|       s_axi|       CRTL_BUS|        scalar|
|s_axi_CRTL_BUS_AWREADY  |  out|    1|       s_axi|       CRTL_BUS|        scalar|
|s_axi_CRTL_BUS_AWADDR   |   in|    7|       s_axi|       CRTL_BUS|        scalar|
|s_axi_CRTL_BUS_WVALID   |   in|    1|       s_axi|       CRTL_BUS|        scalar|
|s_axi_CRTL_BUS_WREADY   |  out|    1|       s_axi|       CRTL_BUS|        scalar|
|s_axi_CRTL_BUS_WDATA    |   in|   32|       s_axi|       CRTL_BUS|        scalar|
|s_axi_CRTL_BUS_WSTRB    |   in|    4|       s_axi|       CRTL_BUS|        scalar|
|s_axi_CRTL_BUS_ARVALID  |   in|    1|       s_axi|       CRTL_BUS|        scalar|
|s_axi_CRTL_BUS_ARREADY  |  out|    1|       s_axi|       CRTL_BUS|        scalar|
|s_axi_CRTL_BUS_ARADDR   |   in|    7|       s_axi|       CRTL_BUS|        scalar|
|s_axi_CRTL_BUS_RVALID   |  out|    1|       s_axi|       CRTL_BUS|        scalar|
|s_axi_CRTL_BUS_RREADY   |   in|    1|       s_axi|       CRTL_BUS|        scalar|
|s_axi_CRTL_BUS_RDATA    |  out|   32|       s_axi|       CRTL_BUS|        scalar|
|s_axi_CRTL_BUS_RRESP    |  out|    2|       s_axi|       CRTL_BUS|        scalar|
|s_axi_CRTL_BUS_BVALID   |  out|    1|       s_axi|       CRTL_BUS|        scalar|
|s_axi_CRTL_BUS_BREADY   |   in|    1|       s_axi|       CRTL_BUS|        scalar|
|s_axi_CRTL_BUS_BRESP    |  out|    2|       s_axi|       CRTL_BUS|        scalar|
|ap_clk                  |   in|    1|  ap_ctrl_hs|  conv_combined|  return value|
|ap_rst_n                |   in|    1|  ap_ctrl_hs|  conv_combined|  return value|
|interrupt               |  out|    1|  ap_ctrl_hs|  conv_combined|  return value|
|m_axi_gmem_AWVALID      |  out|    1|       m_axi|           gmem|       pointer|
|m_axi_gmem_AWREADY      |   in|    1|       m_axi|           gmem|       pointer|
|m_axi_gmem_AWADDR       |  out|   32|       m_axi|           gmem|       pointer|
|m_axi_gmem_AWID         |  out|    1|       m_axi|           gmem|       pointer|
|m_axi_gmem_AWLEN        |  out|    8|       m_axi|           gmem|       pointer|
|m_axi_gmem_AWSIZE       |  out|    3|       m_axi|           gmem|       pointer|
|m_axi_gmem_AWBURST      |  out|    2|       m_axi|           gmem|       pointer|
|m_axi_gmem_AWLOCK       |  out|    2|       m_axi|           gmem|       pointer|
|m_axi_gmem_AWCACHE      |  out|    4|       m_axi|           gmem|       pointer|
|m_axi_gmem_AWPROT       |  out|    3|       m_axi|           gmem|       pointer|
|m_axi_gmem_AWQOS        |  out|    4|       m_axi|           gmem|       pointer|
|m_axi_gmem_AWREGION     |  out|    4|       m_axi|           gmem|       pointer|
|m_axi_gmem_AWUSER       |  out|    1|       m_axi|           gmem|       pointer|
|m_axi_gmem_WVALID       |  out|    1|       m_axi|           gmem|       pointer|
|m_axi_gmem_WREADY       |   in|    1|       m_axi|           gmem|       pointer|
|m_axi_gmem_WDATA        |  out|   32|       m_axi|           gmem|       pointer|
|m_axi_gmem_WSTRB        |  out|    4|       m_axi|           gmem|       pointer|
|m_axi_gmem_WLAST        |  out|    1|       m_axi|           gmem|       pointer|
|m_axi_gmem_WID          |  out|    1|       m_axi|           gmem|       pointer|
|m_axi_gmem_WUSER        |  out|    1|       m_axi|           gmem|       pointer|
|m_axi_gmem_ARVALID      |  out|    1|       m_axi|           gmem|       pointer|
|m_axi_gmem_ARREADY      |   in|    1|       m_axi|           gmem|       pointer|
|m_axi_gmem_ARADDR       |  out|   32|       m_axi|           gmem|       pointer|
|m_axi_gmem_ARID         |  out|    1|       m_axi|           gmem|       pointer|
|m_axi_gmem_ARLEN        |  out|    8|       m_axi|           gmem|       pointer|
|m_axi_gmem_ARSIZE       |  out|    3|       m_axi|           gmem|       pointer|
|m_axi_gmem_ARBURST      |  out|    2|       m_axi|           gmem|       pointer|
|m_axi_gmem_ARLOCK       |  out|    2|       m_axi|           gmem|       pointer|
|m_axi_gmem_ARCACHE      |  out|    4|       m_axi|           gmem|       pointer|
|m_axi_gmem_ARPROT       |  out|    3|       m_axi|           gmem|       pointer|
|m_axi_gmem_ARQOS        |  out|    4|       m_axi|           gmem|       pointer|
|m_axi_gmem_ARREGION     |  out|    4|       m_axi|           gmem|       pointer|
|m_axi_gmem_ARUSER       |  out|    1|       m_axi|           gmem|       pointer|
|m_axi_gmem_RVALID       |   in|    1|       m_axi|           gmem|       pointer|
|m_axi_gmem_RREADY       |  out|    1|       m_axi|           gmem|       pointer|
|m_axi_gmem_RDATA        |   in|   32|       m_axi|           gmem|       pointer|
|m_axi_gmem_RLAST        |   in|    1|       m_axi|           gmem|       pointer|
|m_axi_gmem_RID          |   in|    1|       m_axi|           gmem|       pointer|
|m_axi_gmem_RUSER        |   in|    1|       m_axi|           gmem|       pointer|
|m_axi_gmem_RRESP        |   in|    2|       m_axi|           gmem|       pointer|
|m_axi_gmem_BVALID       |   in|    1|       m_axi|           gmem|       pointer|
|m_axi_gmem_BREADY       |  out|    1|       m_axi|           gmem|       pointer|
|m_axi_gmem_BRESP        |   in|    2|       m_axi|           gmem|       pointer|
|m_axi_gmem_BID          |   in|    1|       m_axi|           gmem|       pointer|
|m_axi_gmem_BUSER        |   in|    1|       m_axi|           gmem|       pointer|
|x_Addr_A                |  out|   32|        bram|              x|         array|
|x_EN_A                  |  out|    1|        bram|              x|         array|
|x_WEN_A                 |  out|    2|        bram|              x|         array|
|x_Din_A                 |  out|   16|        bram|              x|         array|
|x_Dout_A                |   in|   16|        bram|              x|         array|
|x_Clk_A                 |  out|    1|        bram|              x|         array|
|x_Rst_A                 |  out|    1|        bram|              x|         array|
|dx_Addr_A               |  out|   32|        bram|             dx|         array|
|dx_EN_A                 |  out|    1|        bram|             dx|         array|
|dx_WEN_A                |  out|    2|        bram|             dx|         array|
|dx_Din_A                |  out|   16|        bram|             dx|         array|
|dx_Dout_A               |   in|   16|        bram|             dx|         array|
|dx_Clk_A                |  out|    1|        bram|             dx|         array|
|dx_Rst_A                |  out|    1|        bram|             dx|         array|
|y_Addr_A                |  out|   32|        bram|              y|         array|
|y_EN_A                  |  out|    1|        bram|              y|         array|
|y_WEN_A                 |  out|    2|        bram|              y|         array|
|y_Din_A                 |  out|   16|        bram|              y|         array|
|y_Dout_A                |   in|   16|        bram|              y|         array|
|y_Clk_A                 |  out|    1|        bram|              y|         array|
|y_Rst_A                 |  out|    1|        bram|              y|         array|
|dy_Addr_A               |  out|   32|        bram|             dy|         array|
|dy_EN_A                 |  out|    1|        bram|             dy|         array|
|dy_WEN_A                |  out|    2|        bram|             dy|         array|
|dy_Din_A                |  out|   16|        bram|             dy|         array|
|dy_Dout_A               |   in|   16|        bram|             dy|         array|
|dy_Clk_A                |  out|    1|        bram|             dy|         array|
|dy_Rst_A                |  out|    1|        bram|             dy|         array|
+------------------------+-----+-----+------------+---------------+--------------+

