

================================================================
== Synthesis Summary Report of 'conv_combined'
================================================================
+ General Information: 
    * Date:           Wed May 25 16:36:20 2022
    * Version:        2020.2 (Build 3064766 on Wed Nov 18 09:12:47 MST 2020)
    * Project:        conv_combined
    * Solution:       solution1 (Vivado IP Flow Target)
    * Product family: zynq
    * Target device:  xc7z020-clg400-1
    

+ Performance & Resource Estimates: 
    
    PS: '+' for module; 'o' for loop; '*' for dataflow
    +------------------------------------------------------------+--------+-------+---------+--------+----------+---------+------+----------+--------+----------+-------------+-------------+-----+
    |                           Modules                          |  Issue |       | Latency | Latency| Iteration|         | Trip |          |        |          |             |             |     |
    |                           & Loops                          |  Type  | Slack | (cycles)|  (ns)  |  Latency | Interval| Count| Pipelined|  BRAM  |    DSP   |      FF     |     LUT     | URAM|
    +------------------------------------------------------------+--------+-------+---------+--------+----------+---------+------+----------+--------+----------+-------------+-------------+-----+
    |+ conv_combined                                             |  Timing|   0.00|        -|       -|         -|        -|     -|        no|  6 (2%)|  24 (10%)|  14293 (13%)|  12398 (23%)|    -|
    | o VITIS_LOOP_49_1_VITIS_LOOP_50_2_VITIS_LOOP_51_3          |       -|  -7.30|        -|       -|         -|        -|     -|        no|       -|         -|            -|            -|    -|
    |  o VITIS_LOOP_52_4                                         |       -|  -7.30|        -|       -|         3|        1|     -|       yes|       -|         -|            -|            -|    -|
    | o VITIS_LOOP_62_5                                          |       -|  -7.30|        -|       -|         3|        1|     -|       yes|       -|         -|            -|            -|    -|
    | o VITIS_LOOP_70_6_VITIS_LOOP_72_8_VITIS_LOOP_73_9          |       -|  -7.30|        -|       -|         -|        -|     -|        no|       -|         -|            -|            -|    -|
    |  o VITIS_LOOP_75_10                                        |       -|  -7.30|        -|       -|         -|        -|     -|        no|       -|         -|            -|            -|    -|
    |   o VITIS_LOOP_76_11                                       |       -|  -7.30|        -|       -|         3|        1|     -|       yes|       -|         -|            -|            -|    -|
    | o VITIS_LOOP_88_12                                         |       -|  -7.30|        -|       -|         3|        1|     -|       yes|       -|         -|            -|            -|    -|
    | o VITIS_LOOP_93_13_VITIS_LOOP_94_14_VITIS_LOOP_95_15       |       -|  -7.30|        -|       -|         -|        -|     -|        no|       -|         -|            -|            -|    -|
    |  o VITIS_LOOP_96_16                                        |       -|  -7.30|        -|       -|         3|        1|     -|       yes|       -|         -|            -|            -|    -|
    | o VITIS_LOOP_103_17_VITIS_LOOP_104_18                      |       -|  -7.30|        -|       -|         -|        -|     -|        no|       -|         -|            -|            -|    -|
    |  o VITIS_LOOP_105_19                                       |       -|  -7.30|        -|       -|         -|        -|     -|        no|       -|         -|            -|            -|    -|
    |   o VITIS_LOOP_106_20_VITIS_LOOP_107_21_VITIS_LOOP_108_22  |      II|  -7.30|        -|       -|        13|        2|     -|       yes|       -|         -|            -|            -|    -|
    | o VITIS_LOOP_120_23_VITIS_LOOP_121_24_VITIS_LOOP_122_25    |       -|  -7.30|        -|       -|         -|        -|     -|        no|       -|         -|            -|            -|    -|
    |  o VITIS_LOOP_123_26                                       |       -|  -7.30|        -|       -|         3|        1|     -|       yes|       -|         -|            -|            -|    -|
    | o VITIS_LOOP_131_27                                        |       -|  -7.30|        -|       -|         3|        1|     -|       yes|       -|         -|            -|            -|    -|
    | o VITIS_LOOP_140_28                                        |      II|  -7.30|        -|       -|        10|        2|     -|       yes|       -|         -|            -|            -|    -|
    +------------------------------------------------------------+--------+-------+---------+--------+----------+---------+------+----------+--------+----------+-------------+-------------+-----+

