

================================================================
== Synthesis Summary Report of 'activation_bckwd'
================================================================
+ General Information: 
    * Date:           Tue Feb 22 16:33:02 2022
    * Version:        2020.2 (Build 3064766 on Wed Nov 18 09:12:47 MST 2020)
    * Project:        activation_bckwd
    * Solution:       solution1 (Vivado IP Flow Target)
    * Product family: zynq
    * Target device:  xc7z020-clg400-1
    

+ Performance & Resource Estimates: 
    
    PS: '+' for module; 'o' for loop; '*' for dataflow
    +--------------------+--------+-------+---------+-----------+----------+---------+------+----------+--------+----+-----------+-----------+-----+
    |       Modules      |  Issue |       | Latency |  Latency  | Iteration|         | Trip |          |        |    |           |           |     |
    |       & Loops      |  Type  | Slack | (cycles)|    (ns)   |  Latency | Interval| Count| Pipelined|  BRAM  | DSP|     FF    |    LUT    | URAM|
    +--------------------+--------+-------+---------+-----------+----------+---------+------+----------+--------+----+-----------+-----------+-----+
    |+ activation_bckwd  |  Timing|   0.00|        -|          -|         -|        -|     -|        no|  6 (2%)|   -|  1988 (1%)|  2582 (4%)|    -|
    | o Loop 1           |       -|  -7.30|        -|          -|         3|        1|     -|       yes|       -|   -|          -|          -|    -|
    | o Loop 2           |       -|  -7.30|      128|  1.280e+03|         3|        1|   127|       yes|       -|   -|          -|          -|    -|
    | o VITIS_LOOP_46_2  |      II|  -7.30|        -|          -|         4|        3|     -|       yes|       -|   -|          -|          -|    -|
    | o VITIS_LOOP_31_1  |      II|  -7.30|        -|          -|         7|        3|     -|       yes|       -|   -|          -|          -|    -|
    | o Loop 5           |       -|  -7.30|      128|  1.280e+03|         3|        1|   127|       yes|       -|   -|          -|          -|    -|
    +--------------------+--------+-------+---------+-----------+----------+---------+------+----------+--------+----+-----------+-----------+-----+

