

================================================================
== Synthesis Summary Report of 'fcc_combined'
================================================================
+ General Information: 
    * Date:           Sun May  8 16:11:44 2022
    * Version:        2020.2 (Build 3064766 on Wed Nov 18 09:12:47 MST 2020)
    * Project:        fcc_combined
    * Solution:       solution1 (Vivado IP Flow Target)
    * Product family: zynq
    * Target device:  xc7z020-clg400-1
    

+ Performance & Resource Estimates: 
    
    PS: '+' for module; 'o' for loop; '*' for dataflow
    +------------------------------------+--------+-------+---------+--------+----------+---------+------+----------+--------------+--------+-----------+-----------+-----+
    |               Modules              |  Issue |       | Latency | Latency| Iteration|         | Trip |          |              |        |           |           |     |
    |               & Loops              |  Type  | Slack | (cycles)|  (ns)  |  Latency | Interval| Count| Pipelined|     BRAM     |   DSP  |     FF    |    LUT    | URAM|
    +------------------------------------+--------+-------+---------+--------+----------+---------+------+----------+--------------+--------+-----------+-----------+-----+
    |+ fcc_combined                      |  Timing|   0.00|        -|       -|         -|        -|     -|        no|  4102 (1465%)|  3 (1%)|  3367 (3%)|  2748 (5%)|    -|
    | o VITIS_LOOP_38_1                  |       -|  -7.30|        -|       -|         -|        -|     -|        no|             -|       -|          -|          -|    -|
    |  o VITIS_LOOP_39_2                 |       -|  -7.30|        -|       -|         3|        1|     -|       yes|             -|       -|          -|          -|    -|
    | o VITIS_LOOP_45_3                  |       -|  -7.30|        -|       -|         3|        1|     -|       yes|             -|       -|          -|          -|    -|
    | o LOOP1                            |       -|  -7.30|        -|       -|         -|        -|     -|        no|             -|       -|          -|          -|    -|
    |  o LOOP2                           |       -|  -7.30|        -|       -|         5|        1|     -|       yes|             -|       -|          -|          -|    -|
    | o VITIS_LOOP_61_4_VITIS_LOOP_62_5  |       -|  -7.30|        -|       -|         8|        1|     -|       yes|             -|       -|          -|          -|    -|
    | o VITIS_LOOP_69_6                  |       -|  -7.30|        -|       -|         3|        1|     -|       yes|             -|       -|          -|          -|    -|
    +------------------------------------+--------+-------+---------+--------+----------+---------+------+----------+--------------+--------+-----------+-----------+-----+

