#-----------------------------------------------------------
# Vivado v2020.2 (64-bit)
# SW Build 3064766 on Wed Nov 18 09:12:47 MST 2020
# IP Build 3064653 on Wed Nov 18 14:17:31 MST 2020
# Start of session at: Sat May 14 12:39:48 2022
# Process ID: 1030339
# Current directory: /home/anubhav/xilinx_projects
# Command line: vivado
# Log file: /home/anubhav/xilinx_projects/vivado.log
# Journal file: /home/anubhav/xilinx_projects/vivado.jou
#-----------------------------------------------------------
start_gui
open_project /home/anubhav/xilinx_projects/nn_v3/nnv3/nnv3.xpr
close_project
open_project /home/anubhav/xilinx_projects/nnv3/nn_v3/nn_v3.xpr
update_compile_order -fileset sources_1
open_bd_design {/home/anubhav/xilinx_projects/nnv3/nn_v3/nn_v3.srcs/sources_1/bd/nn/nn.bd}
startgroup
set_property location {0 -185 656} [get_bd_cells conv_combined_0]
set_property location {3 645 766} [get_bd_cells processing_system7_0]
set_property location {2 295 1046} [get_bd_cells conv_y]
set_property location {2 295 356} [get_bd_cells fcc_x]
set_property location {2 295 236} [get_bd_cells fcc_y]
set_property location {2 295 1406} [get_bd_cells relu_y]
set_property location {1 -105 476} [get_bd_cells InputLayer_0]
set_property location {1 -85 296} [get_bd_cells fcc_combined_0]
set_property location {2 345 476} [get_bd_cells fcc_dx]
set_property location {2 345 116} [get_bd_cells fcc_dy]
set_property location {1 -45 1196} [get_bd_cells relu_combined_0]
set_property location {2 375 1166} [get_bd_cells conv_dy]
set_property location {0.5 -925 1366} [get_bd_cells rst_ps7_0_100M]
set_property location {2 25 1026} [get_bd_cells OutputLayer_0]
set_property location {1 -445 1106} [get_bd_cells ps7_0_axi_periph]
set_property location {2 375 1286} [get_bd_cells relu_dy]
set_property location {2 375 756} [get_bd_cells axi_mem_intercon]
endgroup
write_bd_tcl -force /home/anubhav/Desktop/nn.tcl
