

================================================================
== Synthesis Summary Report of 'conv_fwd'
================================================================
+ General Information: 
    * Date:           Wed Apr 27 11:33:05 2022
    * Version:        2020.2 (Build 3064766 on Wed Nov 18 09:12:47 MST 2020)
    * Project:        conv_fwd
    * Solution:       solution1 (Vivado IP Flow Target)
    * Product family: zynq
    * Target device:  xc7z020-clg400-1
    

+ Performance & Resource Estimates: 
    
    PS: '+' for module; 'o' for loop; '*' for dataflow
    +-------------------------------------------------------+--------+-------+---------+--------+----------+---------+------+----------+------------+----------+-------------+-------------+-----+
    |                        Modules                        |  Issue |       | Latency | Latency| Iteration|         | Trip |          |            |          |             |             |     |
    |                        & Loops                        |  Type  | Slack | (cycles)|  (ns)  |  Latency | Interval| Count| Pipelined|    BRAM    |    DSP   |      FF     |     LUT     | URAM|
    +-------------------------------------------------------+--------+-------+---------+--------+----------+---------+------+----------+------------+----------+-------------+-------------+-----+
    |+ conv_fwd                                             |  Timing|   7.21|        -|       -|         -|        -|     -|        no|  522 (186%)|  23 (10%)|  47896 (45%)|  37184 (69%)|    -|
    | o VITIS_LOOP_34_1_VITIS_LOOP_35_2_VITIS_LOOP_36_3     |       -|  -7.30|        -|       -|       110|        1|     -|       yes|           -|         -|            -|            -|    -|
    | o VITIS_LOOP_44_4_VITIS_LOOP_46_6_VITIS_LOOP_47_7     |       -|  -7.30|        -|       -|       141|        1|     -|       yes|           -|         -|            -|            -|    -|
    | o VITIS_LOOP_54_8                                     |       -|  -7.30|        -|       -|         3|        1|     -|       yes|           -|         -|            -|            -|    -|
    | o VITIS_LOOP_58_9_VITIS_LOOP_60_11_VITIS_LOOP_61_12   |       -|  -7.30|        -|       -|         -|        -|     -|        no|           -|         -|            -|            -|    -|
    |  o VITIS_LOOP_63_13                                   |       -|  -7.30|        -|       -|         -|        -|     -|        no|           -|         -|            -|            -|    -|
    |   o VITIS_LOOP_64_14                                  |      II|  -7.30|        -|       -|        11|        4|     -|       yes|           -|         -|            -|            -|    -|
    | o VITIS_LOOP_74_15_VITIS_LOOP_75_16_VITIS_LOOP_76_17  |       -|  -7.30|        -|       -|       107|        1|     -|       yes|           -|         -|            -|            -|    -|
    +-------------------------------------------------------+--------+-------+---------+--------+----------+---------+------+----------+------------+----------+-------------+-------------+-----+

