

================================================================
== Synthesis Summary Report of 'conv_fwd'
================================================================
+ General Information: 
    * Date:           Fri Apr 29 11:44:42 2022
    * Version:        2020.2 (Build 3064766 on Wed Nov 18 09:12:47 MST 2020)
    * Project:        conv_fwd
    * Solution:       solution1 (Vivado IP Flow Target)
    * Product family: zynq
    * Target device:  xc7z020-clg400-1
    

+ Performance & Resource Estimates: 
    
    PS: '+' for module; 'o' for loop; '*' for dataflow
    +------------------------------------------------------+--------+-------+---------+--------+----------+---------+------+----------+-----------+---------+-----------+------------+-----+
    |                        Modules                       |  Issue |       | Latency | Latency| Iteration|         | Trip |          |           |         |           |            |     |
    |                        & Loops                       |  Type  | Slack | (cycles)|  (ns)  |  Latency | Interval| Count| Pipelined|   BRAM    |   DSP   |     FF    |     LUT    | URAM|
    +------------------------------------------------------+--------+-------+---------+--------+----------+---------+------+----------+-----------+---------+-----------+------------+-----+
    |+ conv_fwd                                            |  Timing|   0.00|        -|       -|         -|        -|     -|        no|  262 (93%)|  12 (5%)|  8415 (7%)|  7376 (13%)|    -|
    | o VITIS_LOOP_36_1_VITIS_LOOP_37_2                    |       -|  -7.30|        -|       -|         -|        -|     -|        no|          -|        -|          -|           -|    -|
    |  o VITIS_LOOP_38_3                                   |       -|  -7.30|        -|       -|         3|        1|     -|       yes|          -|        -|          -|           -|    -|
    | o VITIS_LOOP_46_4_VITIS_LOOP_47_5_VITIS_LOOP_48_6    |       -|  -7.30|        -|       -|         -|        -|     -|        no|          -|        -|          -|           -|    -|
    |  o VITIS_LOOP_49_7                                   |       -|  -7.30|        -|       -|         3|        1|     -|       yes|          -|        -|          -|           -|    -|
    | o VITIS_LOOP_56_8                                    |       -|  -7.30|        -|       -|         3|        1|     -|       yes|          -|        -|          -|           -|    -|
    | o VITIS_LOOP_60_9_VITIS_LOOP_62_11_VITIS_LOOP_63_12  |       -|  -7.30|        -|       -|         -|        -|     -|        no|          -|        -|          -|           -|    -|
    |  o VITIS_LOOP_65_13                                  |       -|  -7.30|        -|       -|         -|        -|     -|        no|          -|        -|          -|           -|    -|
    |   o VITIS_LOOP_66_14                                 |       -|  -7.30|        -|       -|         5|        1|     -|       yes|          -|        -|          -|           -|    -|
    | o VITIS_LOOP_76_15_VITIS_LOOP_77_16                  |       -|  -7.30|        -|       -|         -|        -|     -|        no|          -|        -|          -|           -|    -|
    |  o VITIS_LOOP_78_17                                  |       -|  -7.30|        -|       -|         3|        1|     -|       yes|          -|        -|          -|           -|    -|
    +------------------------------------------------------+--------+-------+---------+--------+----------+---------+------+----------+-----------+---------+-----------+------------+-----+

