

================================================================
== Vitis HLS Report for 'log_16_9_s'
================================================================
* Date:           Tue May  3 12:52:37 2022

* Version:        2020.2 (Build 3064766 on Wed Nov 18 09:12:47 MST 2020)
* Project:        lossfun
* Solution:       solution1 (Vivado IP Flow Target)
* Product family: zynq
* Target device:  xc7z020-clg400-1


================================================================
== Performance Estimates
================================================================
+ Timing: 
    * Summary: 
    +--------+----------+----------+------------+
    |  Clock |  Target  | Estimated| Uncertainty|
    +--------+----------+----------+------------+
    |ap_clk  |  10.00 ns|  6.912 ns|     2.70 ns|
    +--------+----------+----------+------------+

+ Latency: 
    * Summary: 
    +---------+---------+----------+----------+-----+-----+---------+
    |  Latency (cycles) |  Latency (absolute) |  Interval | Pipeline|
    |   min   |   max   |    min   |    max   | min | max |   Type  |
    +---------+---------+----------+----------+-----+-----+---------+
    |       10|       10|  0.100 us|  0.100 us|    1|    1|      yes|
    +---------+---------+----------+----------+-----+-----+---------+

    + Detail: 
        * Instance: 
        N/A

        * Loop: 
        N/A



================================================================
== Utilization Estimates
================================================================
* Summary: 
+-----------------+---------+-----+--------+-------+-----+
|       Name      | BRAM_18K| DSP |   FF   |  LUT  | URAM|
+-----------------+---------+-----+--------+-------+-----+
|DSP              |        -|    1|       -|      -|    -|
|Expression       |        -|    -|       0|    582|    -|
|FIFO             |        -|    -|       -|      -|    -|
|Instance         |        -|    1|       0|     82|    -|
|Memory           |        1|    -|      24|     11|    -|
|Multiplexer      |        -|    -|       -|    194|    -|
|Register         |        -|    -|     775|    128|    -|
+-----------------+---------+-----+--------+-------+-----+
|Total            |        1|    2|     799|    997|    0|
+-----------------+---------+-----+--------+-------+-----+
|Available        |      280|  220|  106400|  53200|    0|
+-----------------+---------+-----+--------+-------+-----+
|Utilization (%)  |       ~0|   ~0|      ~0|      1|    0|
+-----------------+---------+-----+--------+-------+-----+

+ Detail: 
    * Instance: 
    +------------------------+--------------------+---------+----+---+----+-----+
    |        Instance        |       Module       | BRAM_18K| DSP| FF| LUT| URAM|
    +------------------------+--------------------+---------+----+---+----+-----+
    |mul_5s_23ns_28_1_1_U10  |mul_5s_23ns_28_1_1  |        0|   1|  0|  31|    0|
    |mul_9ns_9ns_18_1_1_U11  |mul_9ns_9ns_18_1_1  |        0|   0|  0|  51|    0|
    +------------------------+--------------------+---------+----+---+----+-----+
    |Total                   |                    |        0|   1|  0|  82|    0|
    +------------------------+--------------------+---------+----+---+----+-----+

    * DSP: 
    +-------------------------------------+---------------------------------+--------------+
    |               Instance              |              Module             |  Expression  |
    +-------------------------------------+---------------------------------+--------------+
    |mac_mulsub_24ns_4ns_29ns_29_4_1_U12  |mac_mulsub_24ns_4ns_29ns_29_4_1  |  i0 - i1 * i2|
    +-------------------------------------+---------------------------------+--------------+

    * Memory: 
    +--------------------------------------------------------------------------------------------+----------------------------------------------------------------------------------+---------+----+----+-----+------+-----+------+-------------+
    |                                           Memory                                           |                                      Module                                      | BRAM_18K| FF | LUT| URAM| Words| Bits| Banks| W*Bits*Banks|
    +--------------------------------------------------------------------------------------------+----------------------------------------------------------------------------------+---------+----+----+-----+------+-----+------+-------------+
    |log_apfixed_reduce_log0_lut_table_ap_fixed_29_7_ap_q_mode_5_ap_o_mode_3_0_0_5_64_array_V_U  |log_16_9_s_log_apfixed_reduce_log0_lut_table_ap_fixed_29_7_ap_q_mode_5_ap_o_mbkb  |        1|   0|   0|    0|    64|   22|     1|         1408|
    |log_apfixed_reduce_log_inverse_lut_table_array_V_U                                          |log_16_9_s_log_apfixed_reduce_log_inverse_lut_table_array_V                       |        0|   6|   6|    0|    64|    6|     1|          384|
    |log_apfixed_reduce_log_lut_table_ap_fixed_29_7_ap_q_mode_5_ap_o_mode_3_0_4_4_16_array_V_U   |log_16_9_s_log_apfixed_reduce_log_lut_table_ap_fixed_29_7_ap_q_mode_5_ap_o_mocud  |        0|  18|   5|    0|    16|   18|     1|          288|
    +--------------------------------------------------------------------------------------------+----------------------------------------------------------------------------------+---------+----+----+-----+------+-----+------+-------------+
    |Total                                                                                       |                                                                                  |        1|  24|  11|    0|   144|   46|     3|         2080|
    +--------------------------------------------------------------------------------------------+----------------------------------------------------------------------------------+---------+----+----+-----+------+-----+------+-------------+

    * FIFO: 
    N/A

    * Expression: 
    +----------------------------+----------+----+---+----+------------+------------+
    |        Variable Name       | Operation| DSP| FF| LUT| Bitwidth P0| Bitwidth P1|
    +----------------------------+----------+----+---+----+------------+------------+
    |add_ln703_1_fu_1606_p2      |         +|   0|  0|  29|          29|          29|
    |add_ln703_fu_1495_p2        |         +|   0|  0|  29|          22|          22|
    |log_base_V_2_fu_1612_p2     |         +|   0|  0|  29|          29|          29|
    |log_base_V_fu_1637_p2       |         +|   0|  0|  36|          29|          29|
    |ret_V_3_fu_1478_p2          |         +|   0|  0|  36|          29|          29|
    |ret_V_2_fu_1572_p2          |         -|   0|  0|  33|          26|          26|
    |and_ln731_fu_1316_p2        |       and|   0|  0|   2|           1|           1|
    |ap_condition_218            |       and|   0|  0|   2|           1|           1|
    |ap_condition_297            |       and|   0|  0|   2|           1|           1|
    |ap_condition_300            |       and|   0|  0|   2|           1|           1|
    |ap_condition_303            |       and|   0|  0|   2|           1|           1|
    |ap_condition_306            |       and|   0|  0|   2|           1|           1|
    |ap_condition_309            |       and|   0|  0|   2|           1|           1|
    |ap_condition_312            |       and|   0|  0|   2|           1|           1|
    |ap_condition_315            |       and|   0|  0|   2|           1|           1|
    |ap_condition_318            |       and|   0|  0|   2|           1|           1|
    |ap_condition_321            |       and|   0|  0|   2|           1|           1|
    |ap_condition_324            |       and|   0|  0|   2|           1|           1|
    |ap_condition_327            |       and|   0|  0|   2|           1|           1|
    |ap_condition_330            |       and|   0|  0|   2|           1|           1|
    |ap_condition_333            |       and|   0|  0|   2|           1|           1|
    |ap_condition_336            |       and|   0|  0|   2|           1|           1|
    |ap_condition_78             |       and|   0|  0|   2|           1|           1|
    |icmp_ln1497_fu_398_p2       |      icmp|   0|  0|  13|          16|           1|
    |icmp_ln731_10_fu_1074_p2    |      icmp|   0|  0|  16|          28|          28|
    |icmp_ln731_11_fu_1140_p2    |      icmp|   0|  0|  16|          28|          28|
    |icmp_ln731_12_fu_1206_p2    |      icmp|   0|  0|  16|          28|          28|
    |icmp_ln731_13_fu_1262_p2    |      icmp|   0|  0|  16|          28|          28|
    |icmp_ln731_1_fu_480_p2      |      icmp|   0|  0|  16|          28|          28|
    |icmp_ln731_2_fu_546_p2      |      icmp|   0|  0|  16|          28|          28|
    |icmp_ln731_3_fu_612_p2      |      icmp|   0|  0|  16|          28|          28|
    |icmp_ln731_4_fu_678_p2      |      icmp|   0|  0|  16|          28|          28|
    |icmp_ln731_5_fu_744_p2      |      icmp|   0|  0|  16|          28|          28|
    |icmp_ln731_6_fu_810_p2      |      icmp|   0|  0|  16|          28|          28|
    |icmp_ln731_7_fu_876_p2      |      icmp|   0|  0|  16|          28|          28|
    |icmp_ln731_8_fu_942_p2      |      icmp|   0|  0|  16|          28|          28|
    |icmp_ln731_9_fu_1008_p2     |      icmp|   0|  0|  16|          28|          28|
    |icmp_ln731_fu_436_p2        |      icmp|   0|  0|  16|          28|          28|
    |select_ln1333_fu_1449_p3    |    select|   0|  0|  29|           1|          29|
    |select_ln731_10_fu_1160_p3  |    select|   0|  0|   2|           1|           1|
    |select_ln731_11_fu_1226_p3  |    select|   0|  0|   2|           1|           1|
    |select_ln731_12_fu_1282_p3  |    select|   0|  0|   2|           1|           1|
    |select_ln731_13_fu_1330_p3  |    select|   0|  0|   5|           1|           4|
    |select_ln731_14_fu_1338_p3  |    select|   0|  0|  29|           1|          29|
    |select_ln731_1_fu_566_p3    |    select|   0|  0|   2|           1|           1|
    |select_ln731_2_fu_632_p3    |    select|   0|  0|   2|           1|           1|
    |select_ln731_3_fu_698_p3    |    select|   0|  0|   2|           1|           1|
    |select_ln731_4_fu_764_p3    |    select|   0|  0|   2|           1|           1|
    |select_ln731_5_fu_830_p3    |    select|   0|  0|   2|           1|           1|
    |select_ln731_6_fu_896_p3    |    select|   0|  0|   2|           1|           1|
    |select_ln731_7_fu_962_p3    |    select|   0|  0|   2|           1|           1|
    |select_ln731_8_fu_1028_p3   |    select|   0|  0|   2|           1|           1|
    |select_ln731_9_fu_1094_p3   |    select|   0|  0|   2|           1|           1|
    |select_ln731_fu_500_p3      |    select|   0|  0|   2|           1|           1|
    |ap_enable_pp0               |       xor|   0|  0|   2|           1|           2|
    |xor_ln731_10_fu_1154_p2     |       xor|   0|  0|   2|           1|           2|
    |xor_ln731_11_fu_1220_p2     |       xor|   0|  0|   2|           1|           2|
    |xor_ln731_12_fu_1276_p2     |       xor|   0|  0|   2|           1|           2|
    |xor_ln731_13_fu_1302_p2     |       xor|   0|  0|   2|           1|           2|
    |xor_ln731_1_fu_560_p2       |       xor|   0|  0|   2|           1|           2|
    |xor_ln731_2_fu_626_p2       |       xor|   0|  0|   2|           1|           2|
    |xor_ln731_3_fu_692_p2       |       xor|   0|  0|   2|           1|           2|
    |xor_ln731_4_fu_758_p2       |       xor|   0|  0|   2|           1|           2|
    |xor_ln731_5_fu_824_p2       |       xor|   0|  0|   2|           1|           2|
    |xor_ln731_6_fu_890_p2       |       xor|   0|  0|   2|           1|           2|
    |xor_ln731_7_fu_956_p2       |       xor|   0|  0|   2|           1|           2|
    |xor_ln731_8_fu_1022_p2      |       xor|   0|  0|   2|           1|           2|
    |xor_ln731_9_fu_1088_p2      |       xor|   0|  0|   2|           1|           2|
    |xor_ln731_fu_494_p2         |       xor|   0|  0|   2|           1|           2|
    +----------------------------+----------+----+---+----+------------+------------+
    |Total                       |          |   0|  0| 582|         620|         679|
    +----------------------------+----------+----+---+----+------------+------------+

    * Multiplexer: 
    +----------------------------------------+----+-----------+-----+-----------+
    |                  Name                  | LUT| Input Size| Bits| Total Bits|
    +----------------------------------------+----+-----------+-----+-----------+
    |ap_phi_mux_index0_V_phi_fu_314_p4       |  14|          3|    6|         18|
    |ap_phi_mux_r_V_6_phi_fu_391_p4          |   9|          2|   16|         32|
    |ap_phi_reg_pp0_iter1_b_exp_012_reg_320  |  81|         17|    5|         85|
    |ap_phi_reg_pp0_iter1_r_V_1_reg_273      |  81|         17|   29|        493|
    |ap_phi_reg_pp0_iter1_r_V_6_reg_387      |   9|          2|   16|         32|
    +----------------------------------------+----+-----------+-----+-----------+
    |Total                                   | 194|         41|   72|        660|
    +----------------------------------------+----+-----------+-----+-----------+

    * Register: 
    +----------------------------------------+----+----+-----+-----------+
    |                  Name                  | FF | LUT| Bits| Const Bits|
    +----------------------------------------+----+----+-----+-----------+
    |a_reg_1841                              |   4|   0|    4|          0|
    |add_ln703_reg_1867                      |  22|   0|   22|          0|
    |ap_CS_fsm                               |   1|   0|    1|          0|
    |ap_enable_reg_pp0_iter1                 |   1|   0|    1|          0|
    |ap_enable_reg_pp0_iter10                |   1|   0|    1|          0|
    |ap_enable_reg_pp0_iter2                 |   1|   0|    1|          0|
    |ap_enable_reg_pp0_iter3                 |   1|   0|    1|          0|
    |ap_enable_reg_pp0_iter4                 |   1|   0|    1|          0|
    |ap_enable_reg_pp0_iter5                 |   1|   0|    1|          0|
    |ap_enable_reg_pp0_iter6                 |   1|   0|    1|          0|
    |ap_enable_reg_pp0_iter7                 |   1|   0|    1|          0|
    |ap_enable_reg_pp0_iter8                 |   1|   0|    1|          0|
    |ap_enable_reg_pp0_iter9                 |   1|   0|    1|          0|
    |ap_phi_reg_pp0_iter10_r_V_6_reg_387     |  16|   0|   16|          0|
    |ap_phi_reg_pp0_iter1_b_exp_012_reg_320  |   5|   0|    5|          0|
    |ap_phi_reg_pp0_iter1_r_V_1_reg_273      |  29|   0|   29|          0|
    |ap_phi_reg_pp0_iter1_r_V_6_reg_387      |  16|   0|   16|          0|
    |ap_phi_reg_pp0_iter2_b_exp_012_reg_320  |   5|   0|    5|          0|
    |ap_phi_reg_pp0_iter2_r_V_6_reg_387      |  16|   0|   16|          0|
    |ap_phi_reg_pp0_iter3_b_exp_012_reg_320  |   5|   0|    5|          0|
    |ap_phi_reg_pp0_iter3_r_V_6_reg_387      |  16|   0|   16|          0|
    |ap_phi_reg_pp0_iter4_b_exp_012_reg_320  |   5|   0|    5|          0|
    |ap_phi_reg_pp0_iter4_r_V_6_reg_387      |  16|   0|   16|          0|
    |ap_phi_reg_pp0_iter5_b_exp_012_reg_320  |   5|   0|    5|          0|
    |ap_phi_reg_pp0_iter5_r_V_6_reg_387      |  16|   0|   16|          0|
    |ap_phi_reg_pp0_iter6_b_exp_012_reg_320  |   5|   0|    5|          0|
    |ap_phi_reg_pp0_iter6_r_V_6_reg_387      |  16|   0|   16|          0|
    |ap_phi_reg_pp0_iter7_b_exp_012_reg_320  |   5|   0|    5|          0|
    |ap_phi_reg_pp0_iter7_r_V_6_reg_387      |  16|   0|   16|          0|
    |ap_phi_reg_pp0_iter8_b_exp_012_reg_320  |   5|   0|    5|          0|
    |ap_phi_reg_pp0_iter8_r_V_6_reg_387      |  16|   0|   16|          0|
    |ap_phi_reg_pp0_iter9_r_V_6_reg_387      |  16|   0|   16|          0|
    |b_frac_tilde_inverse_V_reg_1813         |   6|   0|    6|          0|
    |icmp_ln1497_reg_1666                    |   1|   0|    1|          0|
    |log_base_V_2_reg_1887                   |  29|   0|   29|          0|
    |log_sum_V_reg_1818                      |  22|   0|   22|          0|
    |mul_ln1115_reg_1828                     |  29|   0|   29|          0|
    |p_Result_6_reg_1892                     |   1|   0|    1|          0|
    |r_V_1_reg_273                           |  29|   0|   29|          0|
    |r_V_s_reg_1877                          |  17|   0|   17|          0|
    |ret_V_3_reg_1852                        |  29|   0|   29|          0|
    |ret_V_3_reg_1852_pp0_iter6_reg          |  29|   0|   29|          0|
    |tmp_39_reg_1835                         |  24|   0|   24|          0|
    |tmp_44_reg_1872                         |  15|   0|   15|          0|
    |tmp_46_reg_1882                         |  22|   0|   22|          0|
    |add_ln703_reg_1867                      |  64|  32|   22|          0|
    |icmp_ln1497_reg_1666                    |  64|  32|    1|          0|
    |log_sum_V_reg_1818                      |  64|  32|   22|          0|
    |r_V_1_reg_273                           |  64|  32|   29|          0|
    +----------------------------------------+----+----+-----+-----------+
    |Total                                   | 775| 128|  593|          0|
    +----------------------------------------+----+----+-----+-----------+



================================================================
== Interface
================================================================
* Summary: 
+---------------------+-----+-----+------------+--------------+--------------+
|      RTL Ports      | Dir | Bits|  Protocol  | Source Object|    C Type    |
+---------------------+-----+-----+------------+--------------+--------------+
|ap_clk               |   in|    1|  ap_ctrl_hs|    log<16, 9>|  return value|
|ap_rst               |   in|    1|  ap_ctrl_hs|    log<16, 9>|  return value|
|ap_start             |   in|    1|  ap_ctrl_hs|    log<16, 9>|  return value|
|ap_done              |  out|    1|  ap_ctrl_hs|    log<16, 9>|  return value|
|ap_idle              |  out|    1|  ap_ctrl_hs|    log<16, 9>|  return value|
|ap_ready             |  out|    1|  ap_ctrl_hs|    log<16, 9>|  return value|
|ap_return            |  out|   16|  ap_ctrl_hs|    log<16, 9>|  return value|
|grp_fu_1032_p_din0   |  out|   29|  ap_ctrl_hs|    log<16, 9>|  return value|
|grp_fu_1032_p_din1   |  out|    6|  ap_ctrl_hs|    log<16, 9>|  return value|
|grp_fu_1032_p_dout0  |   in|   29|  ap_ctrl_hs|    log<16, 9>|  return value|
|grp_fu_1032_p_ce     |  out|    1|  ap_ctrl_hs|    log<16, 9>|  return value|
|x                    |   in|   16|     ap_none|             x|        scalar|
+---------------------+-----+-----+------------+--------------+--------------+

