

================================================================
== Synthesis Summary Report of 'conv_bckwd'
================================================================
+ General Information: 
    * Date:           Mon May  2 17:26:30 2022
    * Version:        2020.2 (Build 3064766 on Wed Nov 18 09:12:47 MST 2020)
    * Project:        conv_bckwd
    * Solution:       solution1 (Vivado IP Flow Target)
    * Product family: zynq
    * Target device:  xc7z020-clg400-1
    

+ Performance & Resource Estimates: 
    
    PS: '+' for module; 'o' for loop; '*' for dataflow
    +-------------------------------------------------------------+--------+-------+---------+--------+----------+---------+------+----------+------------+---------+-------------+-------------+-----+
    |                           Modules                           |  Issue |       | Latency | Latency| Iteration|         | Trip |          |            |         |             |             |     |
    |                           & Loops                           |  Type  | Slack | (cycles)|  (ns)  |  Latency | Interval| Count| Pipelined|    BRAM    |   DSP   |      FF     |     LUT     | URAM|
    +-------------------------------------------------------------+--------+-------+---------+--------+----------+---------+------+----------+------------+---------+-------------+-------------+-----+
    |+ conv_bckwd                                                 |  Timing|   0.00|        -|       -|         -|        -|     -|        no|  394 (140%)|  15 (6%)|  14207 (13%)|  12137 (22%)|    -|
    | o VITIS_LOOP_33_1_VITIS_LOOP_34_2                           |       -|  -7.30|        -|       -|         -|        -|     -|        no|           -|        -|            -|            -|    -|
    |  o VITIS_LOOP_35_3                                          |       -|  -7.30|        -|       -|         3|        1|     -|       yes|           -|        -|            -|            -|    -|
    | o VITIS_LOOP_43_4_VITIS_LOOP_44_5_VITIS_LOOP_45_6           |       -|  -7.30|        -|       -|         -|        -|     -|        no|           -|        -|            -|            -|    -|
    |  o VITIS_LOOP_46_7                                          |       -|  -7.30|        -|       -|         3|        1|     -|       yes|           -|        -|            -|            -|    -|
    | o VITIS_LOOP_62_8_VITIS_LOOP_63_9                           |       -|  -7.30|        -|       -|         -|        -|     -|        no|           -|        -|            -|            -|    -|
    |  o VITIS_LOOP_64_10                                         |       -|  -7.30|        -|       -|         3|        1|     -|       yes|           -|        -|            -|            -|    -|
    | o VITIS_LOOP_78_11_VITIS_LOOP_79_12_VITIS_LOOP_80_13        |       -|  -7.30|        -|       -|         -|        -|     -|        no|           -|        -|            -|            -|    -|
    |  o VITIS_LOOP_81_14                                         |       -|  -7.30|        -|       -|         3|        1|     -|       yes|           -|        -|            -|            -|    -|
    | o VITIS_LOOP_88_15_VITIS_LOOP_89_16                         |       -|  -7.30|        -|       -|         -|        -|     -|        no|           -|        -|            -|            -|    -|
    |  o VITIS_LOOP_90_17                                         |       -|  -7.30|        -|       -|         3|        1|     -|       yes|           -|        -|            -|            -|    -|
    | o VITIS_LOOP_97_18                                          |       -|  -7.30|        -|       -|         3|        1|     -|       yes|           -|        -|            -|            -|    -|
    | o VITIS_LOOP_103_19                                         |       -|  -7.30|        -|       -|         -|        -|     -|        no|           -|        -|            -|            -|    -|
    |  o VITIS_LOOP_104_20                                        |       -|  -7.30|        -|       -|         -|        -|     -|        no|           -|        -|            -|            -|    -|
    |   o VITIS_LOOP_105_21                                       |       -|  -7.30|        -|       -|         -|        -|     -|        no|           -|        -|            -|            -|    -|
    |    o VITIS_LOOP_106_22_VITIS_LOOP_107_23_VITIS_LOOP_108_24  |      II|  -7.30|        -|       -|        12|        2|     -|       yes|           -|        -|            -|            -|    -|
    | o VITIS_LOOP_121_25_VITIS_LOOP_122_26_VITIS_LOOP_123_27     |       -|  -7.30|        -|       -|         -|        -|     -|        no|           -|        -|            -|            -|    -|
    |  o VITIS_LOOP_124_28                                        |       -|  -7.30|        -|       -|         3|        1|     -|       yes|           -|        -|            -|            -|    -|
    | o VITIS_LOOP_131_29_VITIS_LOOP_132_30                       |       -|  -7.30|        -|       -|         -|        -|     -|        no|           -|        -|            -|            -|    -|
    |  o VITIS_LOOP_133_31                                        |       -|  -7.30|        -|       -|         3|        1|     -|       yes|           -|        -|            -|            -|    -|
    | o VITIS_LOOP_140_32                                         |       -|  -7.30|        -|       -|         3|        1|     -|       yes|           -|        -|            -|            -|    -|
    +-------------------------------------------------------------+--------+-------+---------+--------+----------+---------+------+----------+------------+---------+-------------+-------------+-----+

