

================================================================
== Synthesis Summary Report of 'conv_bckwd'
================================================================
+ General Information: 
    * Date:           Fri Apr 29 11:47:15 2022
    * Version:        2020.2 (Build 3064766 on Wed Nov 18 09:12:47 MST 2020)
    * Project:        conv_bckwd
    * Solution:       solution1 (Vivado IP Flow Target)
    * Product family: zynq
    * Target device:  xc7z020-clg400-1
    

+ Performance & Resource Estimates: 
    
    PS: '+' for module; 'o' for loop; '*' for dataflow
    +-------------------------------------------------------------+--------+-------+---------+--------+----------+---------+------+----------+------------+---------+-------------+-------------+-----+
    |                           Modules                           |  Issue |       | Latency | Latency| Iteration|         | Trip |          |            |         |             |             |     |
    |                           & Loops                           |  Type  | Slack | (cycles)|  (ns)  |  Latency | Interval| Count| Pipelined|    BRAM    |   DSP   |      FF     |     LUT     | URAM|
    +-------------------------------------------------------------+--------+-------+---------+--------+----------+---------+------+----------+------------+---------+-------------+-------------+-----+
    |+ conv_bckwd                                                 |  Timing|   0.00|        -|       -|         -|        -|     -|        no|  394 (140%)|  15 (6%)|  14246 (13%)|  12201 (22%)|    -|
    | o VITIS_LOOP_40_1_VITIS_LOOP_41_2                           |       -|  -7.30|        -|       -|         -|        -|     -|        no|           -|        -|            -|            -|    -|
    |  o VITIS_LOOP_42_3                                          |       -|  -7.30|        -|       -|         3|        1|     -|       yes|           -|        -|            -|            -|    -|
    | o VITIS_LOOP_50_4_VITIS_LOOP_51_5_VITIS_LOOP_52_6           |       -|  -7.30|        -|       -|         -|        -|     -|        no|           -|        -|            -|            -|    -|
    |  o VITIS_LOOP_53_7                                          |       -|  -7.30|        -|       -|         3|        1|     -|       yes|           -|        -|            -|            -|    -|
    | o VITIS_LOOP_69_8_VITIS_LOOP_70_9                           |       -|  -7.30|        -|       -|         -|        -|     -|        no|           -|        -|            -|            -|    -|
    |  o VITIS_LOOP_71_10                                         |       -|  -7.30|        -|       -|         3|        1|     -|       yes|           -|        -|            -|            -|    -|
    | o VITIS_LOOP_85_11_VITIS_LOOP_86_12_VITIS_LOOP_87_13        |       -|  -7.30|        -|       -|         -|        -|     -|        no|           -|        -|            -|            -|    -|
    |  o VITIS_LOOP_88_14                                         |       -|  -7.30|        -|       -|         3|        1|     -|       yes|           -|        -|            -|            -|    -|
    | o VITIS_LOOP_95_15_VITIS_LOOP_96_16                         |       -|  -7.30|        -|       -|         -|        -|     -|        no|           -|        -|            -|            -|    -|
    |  o VITIS_LOOP_97_17                                         |       -|  -7.30|        -|       -|         3|        1|     -|       yes|           -|        -|            -|            -|    -|
    | o VITIS_LOOP_104_18                                         |       -|  -7.30|        -|       -|         3|        1|     -|       yes|           -|        -|            -|            -|    -|
    | o VITIS_LOOP_110_19                                         |       -|  -7.30|        -|       -|         -|        -|     -|        no|           -|        -|            -|            -|    -|
    |  o VITIS_LOOP_111_20                                        |       -|  -7.30|        -|       -|         -|        -|     -|        no|           -|        -|            -|            -|    -|
    |   o VITIS_LOOP_112_21                                       |       -|  -7.30|        -|       -|         -|        -|     -|        no|           -|        -|            -|            -|    -|
    |    o VITIS_LOOP_113_22_VITIS_LOOP_114_23_VITIS_LOOP_115_24  |      II|  -7.30|        -|       -|        12|        2|     -|       yes|           -|        -|            -|            -|    -|
    | o VITIS_LOOP_128_25_VITIS_LOOP_129_26_VITIS_LOOP_130_27     |       -|  -7.30|        -|       -|         -|        -|     -|        no|           -|        -|            -|            -|    -|
    |  o VITIS_LOOP_131_28                                        |       -|  -7.30|        -|       -|         3|        1|     -|       yes|           -|        -|            -|            -|    -|
    | o VITIS_LOOP_138_29_VITIS_LOOP_139_30                       |       -|  -7.30|        -|       -|         -|        -|     -|        no|           -|        -|            -|            -|    -|
    |  o VITIS_LOOP_140_31                                        |       -|  -7.30|        -|       -|         3|        1|     -|       yes|           -|        -|            -|            -|    -|
    | o VITIS_LOOP_147_32                                         |       -|  -7.30|        -|       -|         3|        1|     -|       yes|           -|        -|            -|            -|    -|
    +-------------------------------------------------------------+--------+-------+---------+--------+----------+---------+------+----------+------------+---------+-------------+-------------+-----+

