

================================================================
== Synthesis Summary Report of 'OutputLayer'
================================================================
+ General Information: 
    * Date:           Mon May 16 02:23:44 2022
    * Version:        2020.2 (Build 3064766 on Wed Nov 18 09:12:47 MST 2020)
    * Project:        OutputLayer
    * Solution:       solution1 (Vivado IP Flow Target)
    * Product family: zynq
    * Target device:  xc7z020-clg400-1
    

+ Performance & Resource Estimates: 
    
    PS: '+' for module; 'o' for loop; '*' for dataflow
    +--------------------+--------+-------+---------+--------+----------+---------+------+----------+---------+----+-----------+-----------+-----+
    |       Modules      |  Issue |       | Latency | Latency| Iteration|         | Trip |          |         |    |           |           |     |
    |       & Loops      |  Type  | Slack | (cycles)|  (ns)  |  Latency | Interval| Count| Pipelined|  BRAM   | DSP|     FF    |    LUT    | URAM|
    +--------------------+--------+-------+---------+--------+----------+---------+------+----------+---------+----+-----------+-----------+-----+
    |+ OutputLayer       |  Timing|   0.00|        -|       -|         -|        -|     -|        no|  2 (~0%)|   -|  1131 (1%)|  1564 (2%)|    -|
    | o VITIS_LOOP_23_1  |       -|  -7.30|        -|       -|         3|        1|     -|       yes|        -|   -|          -|          -|    -|
    | o VITIS_LOOP_26_2  |       -|  -7.30|        -|       -|         3|        1|     -|       yes|        -|   -|          -|          -|    -|
    | o VITIS_LOOP_36_3  |       -|  -7.30|        -|       -|         3|        1|     -|       yes|        -|   -|          -|          -|    -|
    | o VITIS_LOOP_40_4  |       -|  -7.30|        -|       -|         3|        1|     -|       yes|        -|   -|          -|          -|    -|
    +--------------------+--------+-------+---------+--------+----------+---------+------+----------+---------+----+-----------+-----------+-----+

