21:08:50 **** Incremental Build of configuration Debug for project dotmul ****
make all 
make --no-print-directory pre-build
a9-linaro-pre-build-step
 
make --no-print-directory main-build
Building file: ../src/helloworld.c
Invoking: ARM v7 gcc compiler
arm-none-eabi-gcc -Wall -O0 -g3 -c -fmessage-length=0 -MT"src/helloworld.o" -mcpu=cortex-a9 -mfpu=vfpv3 -mfloat-abi=hard -I/home/anubhav/workspace/dot_mul/dot_mul/export/dot_mul/sw/dot_mul/standalone_ps7_cortexa9_0/bspinclude/include -MMD -MP -MF"src/helloworld.d" -MT"src/helloworld.o" -o "src/helloworld.o" "../src/helloworld.c"
Finished building: ../src/helloworld.c
 
Building target: dotmul.elf
Invoking: ARM v7 gcc linker
arm-none-eabi-gcc -mcpu=cortex-a9 -mfpu=vfpv3 -mfloat-abi=hard -Wl,-build-id=none -specs=Xilinx.spec -Wl,-T -Wl,../src/lscript.ld -L/home/anubhav/workspace/dot_mul/dot_mul/export/dot_mul/sw/dot_mul/standalone_ps7_cortexa9_0/bsplib/lib -o "dotmul.elf"  ./src/helloworld.o ./src/platform.o   -Wl,--start-group,-lxil,-lgcc,-lc,--end-group
Finished building target: dotmul.elf
 
Invoking: ARM v7 Print Size
arm-none-eabi-size dotmul.elf  |tee "dotmul.elf.size"
   text	   data	    bss	    dec	    hex	filename
  22240	   1168	  22600	  46008	   b3b8	dotmul.elf
Finished building: dotmul.elf.size
 

21:08:51 Build Finished (took 340ms)

