Nothing to build in platform 'dot_mul'

21:08:50 **** Incremental Build of configuration Debug for project dotmul ****
make all 
make --no-print-directory pre-build
a9-linaro-pre-build-step
 
make --no-print-directory main-build
Building file: ../src/helloworld.c
Invoking: ARM v7 gcc compiler
arm-none-eabi-gcc -Wall -O0 -g3 -c -fmessage-length=0 -MT"src/helloworld.o" -mcpu=cortex-a9 -mfpu=vfpv3 -mfloat-abi=hard -I/home/anubhav/workspace/dot_mul/dot_mul/export/dot_mul/sw/dot_mul/standalone_ps7_cortexa9_0/bspinclude/include -MMD -MP -MF"src/helloworld.d" -MT"src/helloworld.o" -o "src/helloworld.o" "../src/helloworld.c"
Finished building: ../src/helloworld.c
 
Building target: dotmul.elf
Invoking: ARM v7 gcc linker
arm-none-eabi-gcc -mcpu=cortex-a9 -mfpu=vfpv3 -mfloat-abi=hard -Wl,-build-id=none -specs=Xilinx.spec -Wl,-T -Wl,../src/lscript.ld -L/home/anubhav/workspace/dot_mul/dot_mul/export/dot_mul/sw/dot_mul/standalone_ps7_cortexa9_0/bsplib/lib -o "dotmul.elf"  ./src/helloworld.o ./src/platform.o   -Wl,--start-group,-lxil,-lgcc,-lc,--end-group
Finished building target: dotmul.elf
 
Invoking: ARM v7 Print Size
arm-none-eabi-size dotmul.elf  |tee "dotmul.elf.size"
   text	   data	    bss	    dec	    hex	filename
  22240	   1168	  22600	  46008	   b3b8	dotmul.elf
Finished building: dotmul.elf.size
 
21:08:51 **** Build of configuration Debug for project dotmul_system ****
make all 
Generating bif file for the system project
Executing command '::scw::generate_bif -xpfm /home/anubhav/workspace/dot_mul/dot_mul/export/dot_mul/dot_mul.xpfm -domains standalone_ps7_cortexa9_0 -bifpath /home/anubhav/workspace/dot_mul/dotmul_system/Debug/system.bif' on XSCT
sdcard_gen --xpfm /home/anubhav/workspace/dot_mul/dot_mul/export/dot_mul/dot_mul.xpfm --sys_config dot_mul --bif /home/anubhav/workspace/dot_mul/dotmul_system/Debug/system.bif --bitstream /home/anubhav/workspace/dot_mul/dotmul/_ide/bitstream/dot_mul.bit --elf /home/anubhav/workspace/dot_mul/dotmul/Debug/dotmul.elf,ps7_cortexa9_0
creating BOOT.BIN using /home/anubhav/workspace/dot_mul/dotmul/_ide/bitstream/dot_mul.bit
Running /tools/Xilinx/Vitis/2020.2/bin/bootgen  -image /home/anubhav/workspace/dot_mul/dotmul_system/Debug/sd_card_temp/boot.bif -w -o i BOOT.BIN
