Nothing to build in platform 'nn_wrapper'

02:25:50 **** Incremental Build of configuration Debug for project fcc_test ****
make all 
make --no-print-directory pre-build
a9-linaro-pre-build-step
 
make --no-print-directory main-build
Building file: ../src/helloworld.c
Invoking: ARM v7 gcc compiler
arm-none-eabi-gcc -Wall -O0 -g3 -c -fmessage-length=0 -MT"src/helloworld.o" -mcpu=cortex-a9 -mfpu=vfpv3 -mfloat-abi=hard -I/home/anubhav/workspace/neural_net/vitis/nn_wrapper/export/nn_wrapper/sw/nn_wrapper/standalone_ps7_cortexa9_0/bspinclude/include -MMD -MP -MF"src/helloworld.d" -MT"src/helloworld.o" -o "src/helloworld.o" "../src/helloworld.c"
../src/helloworld.c: In function 'main':
../src/helloworld.c:104:13: warning: passing argument 1 of 'print' makes pointer from integer without a cast [-Wint-conversion]
  104 |      print(y[i]);
      |            ~^~~
      |             |
      |             int
In file included from ../src/helloworld.c:50:
/home/anubhav/workspace/neural_net/vitis/nn_wrapper/export/nn_wrapper/sw/nn_wrapper/standalone_ps7_cortexa9_0/bspinclude/include/xil_printf.h:44:26: note: expected 'const char8 *' {aka 'const char *'} but argument is of type 'int'
   44 | void print( const char8 *ptr);
      |             ~~~~~~~~~~~~~^~~
Finished building: ../src/helloworld.c
 
Building target: fcc_test.elf
Invoking: ARM v7 gcc linker
arm-none-eabi-gcc -mcpu=cortex-a9 -mfpu=vfpv3 -mfloat-abi=hard -Wl,-build-id=none -specs=Xilinx.spec -Wl,-T -Wl,../src/lscript.ld -L/home/anubhav/workspace/neural_net/vitis/nn_wrapper/export/nn_wrapper/sw/nn_wrapper/standalone_ps7_cortexa9_0/bsplib/lib -o "fcc_test.elf"  ./src/helloworld.o ./src/platform.o   -Wl,--start-group,-lxil,-lgcc,-lc,--end-group
Finished building target: fcc_test.elf
 
Invoking: ARM v7 Print Size
arm-none-eabi-size fcc_test.elf  |tee "fcc_test.elf.size"
   text	   data	    bss	    dec	    hex	filename
  22732	   1168	  22600	  46500	   b5a4	fcc_test.elf
Finished building: fcc_test.elf.size
 
