01:41:56 **** Build of configuration Debug for project arr_add ****
make all 
make --no-print-directory pre-build
a9-linaro-pre-build-step
 
make --no-print-directory main-build
Building file: ../src/helloworld.c
Invoking: ARM v7 gcc compiler
arm-none-eabi-gcc -Wall -O0 -g3 -c -fmessage-length=0 -MT"src/helloworld.o" -mcpu=cortex-a9 -mfpu=vfpv3 -mfloat-abi=hard -I/home/anubhav/workspace/arr_add/vitis_ws/vadd_hw/export/vadd_hw/sw/vadd_hw/standalone_ps7_cortexa9_0/bspinclude/include -MMD -MP -MF"src/helloworld.d" -MT"src/helloworld.o" -o "src/helloworld.o" "../src/helloworld.c"
Finished building: ../src/helloworld.c
 
Building file: ../src/platform.c
Invoking: ARM v7 gcc compiler
arm-none-eabi-gcc -Wall -O0 -g3 -c -fmessage-length=0 -MT"src/platform.o" -mcpu=cortex-a9 -mfpu=vfpv3 -mfloat-abi=hard -I/home/anubhav/workspace/arr_add/vitis_ws/vadd_hw/export/vadd_hw/sw/vadd_hw/standalone_ps7_cortexa9_0/bspinclude/include -MMD -MP -MF"src/platform.d" -MT"src/platform.o" -o "src/platform.o" "../src/platform.c"
Finished building: ../src/platform.c
 
Building target: arr_add.elf
Invoking: ARM v7 gcc linker
arm-none-eabi-gcc -mcpu=cortex-a9 -mfpu=vfpv3 -mfloat-abi=hard -Wl,-build-id=none -specs=Xilinx.spec -Wl,-T -Wl,../src/lscript.ld -L/home/anubhav/workspace/arr_add/vitis_ws/vadd_hw/export/vadd_hw/sw/vadd_hw/standalone_ps7_cortexa9_0/bsplib/lib -o "arr_add.elf"  ./src/helloworld.o ./src/platform.o   -Wl,--start-group,-lxil,-lgcc,-lc,--end-group
Finished building target: arr_add.elf
 
Invoking: ARM v7 Print Size
arm-none-eabi-size arr_add.elf  |tee "arr_add.elf.size"
   text	   data	    bss	    dec	    hex	filename
  22324	   1168	  22600	  46092	   b40c	arr_add.elf
Finished building: arr_add.elf.size
 

01:41:57 Build Finished (took 880ms)

