01:27:37 **** Build of configuration Debug for project vitis_app ****
make all 
make --no-print-directory pre-build
a9-linaro-pre-build-step
 
make --no-print-directory main-build
Building file: ../src/helloworld.c
Invoking: ARM v7 gcc compiler
arm-none-eabi-gcc -Wall -O0 -g3 -c -fmessage-length=0 -MT"src/helloworld.o" -mcpu=cortex-a9 -mfpu=vfpv3 -mfloat-abi=hard -I/home/anubhav/workspace/arr_add/vitis_ws/vadd/export/vadd/sw/vadd/standalone_ps7_cortexa9_0/bspinclude/include -MMD -MP -MF"src/helloworld.d" -MT"src/helloworld.o" -o "src/helloworld.o" "../src/helloworld.c"
Finished building: ../src/helloworld.c
 
Building file: ../src/platform.c
Invoking: ARM v7 gcc compiler
arm-none-eabi-gcc -Wall -O0 -g3 -c -fmessage-length=0 -MT"src/platform.o" -mcpu=cortex-a9 -mfpu=vfpv3 -mfloat-abi=hard -I/home/anubhav/workspace/arr_add/vitis_ws/vadd/export/vadd/sw/vadd/standalone_ps7_cortexa9_0/bspinclude/include -MMD -MP -MF"src/platform.d" -MT"src/platform.o" -o "src/platform.o" "../src/platform.c"
Finished building: ../src/platform.c
 
Building target: vitis_app.elf
Invoking: ARM v7 gcc linker
arm-none-eabi-gcc -mcpu=cortex-a9 -mfpu=vfpv3 -mfloat-abi=hard -Wl,-build-id=none -specs=Xilinx.spec -Wl,-T -Wl,../src/lscript.ld -L/home/anubhav/workspace/arr_add/vitis_ws/vadd/export/vadd/sw/vadd/standalone_ps7_cortexa9_0/bsplib/lib -o "vitis_app.elf"  ./src/helloworld.o ./src/platform.o   -Wl,--start-group,-lxil,-lgcc,-lc,--end-group
Finished building target: vitis_app.elf
 
Invoking: ARM v7 Print Size
arm-none-eabi-size vitis_app.elf  |tee "vitis_app.elf.size"
   text	   data	    bss	    dec	    hex	filename
  22500	   1168	  22600	  46268	   b4bc	vitis_app.elf
Finished building: vitis_app.elf.size
 

01:27:37 Build Finished (took 337ms)

