

================================================================
== Synthesis Summary Report of 'forward_fcc'
================================================================
+ General Information: 
    * Date:           Mon Apr 25 19:29:48 2022
    * Version:        2020.2 (Build 3064766 on Wed Nov 18 09:12:47 MST 2020)
    * Project:        forward_fcc
    * Solution:       solution1 (Vivado IP Flow Target)
    * Product family: zynq
    * Target device:  xc7z020-clg400-1
    

+ Performance & Resource Estimates: 
    
    PS: '+' for module; 'o' for loop; '*' for dataflow
    +----------------------------+--------+-------+---------+--------+----------+---------+------+----------+----------+--------+-------------+-------------+-----+
    |           Modules          |  Issue |       | Latency | Latency| Iteration|         | Trip |          |          |        |             |             |     |
    |           & Loops          |  Type  | Slack | (cycles)|  (ns)  |  Latency | Interval| Count| Pipelined|   BRAM   |   DSP  |      FF     |     LUT     | URAM|
    +----------------------------+--------+-------+---------+--------+----------+---------+------+----------+----------+--------+-------------+-------------+-----+
    |+ forward_fcc               |  Timing|   7.21|        -|       -|         -|        -|     -|        no|  36 (12%)|  5 (2%)|  12200 (11%)|  10068 (18%)|    -|
    | o Lread_w_VITIS_LOOP_26_1  |       -|  -7.30|        -|       -|        78|        1|     -|       yes|         -|       -|            -|            -|    -|
    | o Loop 2                   |       -|  -7.30|        -|       -|         3|        1|     -|       yes|         -|       -|            -|            -|    -|
    | o Loop 3                   |       -|  -7.30|        -|       -|         3|        1|     -|       yes|         -|       -|            -|            -|    -|
    | o LOOP1                    |       -|  -7.30|        -|       -|         -|        -|     -|        no|         -|       -|            -|            -|    -|
    |  o LOOP2                   |      II|  -7.30|        -|       -|        11|        4|     -|       yes|         -|       -|            -|            -|    -|
    | o Loop 5                   |       -|  -7.30|        -|       -|         3|        1|     -|       yes|         -|       -|            -|            -|    -|
    +----------------------------+--------+-------+---------+--------+----------+---------+------+----------+----------+--------+-------------+-------------+-----+

