

================================================================
== Synthesis Summary Report of 'fcc_combined'
================================================================
+ General Information: 
    * Date:           Sun Jun  5 21:44:30 2022
    * Version:        2020.2 (Build 3064766 on Wed Nov 18 09:12:47 MST 2020)
    * Project:        fcc_combined
    * Solution:       solution1 (Vivado IP Flow Target)
    * Product family: zynq
    * Target device:  xc7z020-clg400-1
    

+ Performance & Resource Estimates: 
    
    PS: '+' for module; 'o' for loop; '*' for dataflow
    +--------------------------------------+--------+-------+---------+--------+----------+---------+------+----------+---------+--------+-----------+-----------+-----+
    |                Modules               |  Issue |       | Latency | Latency| Iteration|         | Trip |          |         |        |           |           |     |
    |                & Loops               |  Type  | Slack | (cycles)|  (ns)  |  Latency | Interval| Count| Pipelined|  BRAM   |   DSP  |     FF    |    LUT    | URAM|
    +--------------------------------------+--------+-------+---------+--------+----------+---------+------+----------+---------+--------+-----------+-----------+-----+
    |+ fcc_combined                        |  Timing|   0.00|        -|       -|         -|        -|     -|        no|  12 (4%)|  4 (1%)|  4631 (4%)|  5125 (9%)|    -|
    | o VITIS_LOOP_37_1                    |       -|  -7.30|        -|       -|         3|        1|     -|       yes|        -|       -|          -|          -|    -|
    | o VITIS_LOOP_41_2                    |       -|  -7.30|        -|       -|         3|        1|     -|       yes|        -|       -|          -|          -|    -|
    | o VITIS_LOOP_45_3                    |       -|  -7.30|        -|       -|         3|        1|     -|       yes|        -|       -|          -|          -|    -|
    | o VITIS_LOOP_51_4                    |       -|  -7.30|        -|       -|         1|        1|     -|       yes|        -|       -|          -|          -|    -|
    | o VITIS_LOOP_55_5                    |       -|  -7.30|        -|       -|         -|        -|     -|        no|        -|       -|          -|          -|    -|
    |  o VITIS_LOOP_56_6                   |       -|  -7.30|        -|       -|         3|        1|     -|       yes|        -|       -|          -|          -|    -|
    | o LOOP1                              |       -|  -7.30|        -|       -|         -|        -|     -|        no|        -|       -|          -|          -|    -|
    |  o LOOP2                             |       -|  -7.30|        -|       -|         6|        1|     -|       yes|        -|       -|          -|          -|    -|
    | o VITIS_LOOP_71_7                    |       -|  -7.30|        -|       -|         3|        1|     -|       yes|        -|       -|          -|          -|    -|
    | o VITIS_LOOP_80_8                    |       -|  -7.30|        -|       -|         -|        -|     -|        no|        -|       -|          -|          -|    -|
    |  o VITIS_LOOP_81_9                   |       -|  -7.30|        -|       -|         3|        1|     -|       yes|        -|       -|          -|          -|    -|
    | o VITIS_LOOP_86_10_VITIS_LOOP_87_11  |       -|  -7.30|        -|       -|         8|        1|     -|       yes|        -|       -|          -|          -|    -|
    | o VITIS_LOOP_93_12                   |       -|  -7.30|        -|       -|         2|        1|     -|       yes|        -|       -|          -|          -|    -|
    | o VITIS_LOOP_97_13                   |       -|  -7.30|        -|       -|         -|        -|     -|        no|        -|       -|          -|          -|    -|
    |  o VITIS_LOOP_98_14                  |       -|  -7.30|        -|       -|         3|        1|     -|       yes|        -|       -|          -|          -|    -|
    | o VITIS_LOOP_106_15                  |       -|  -7.30|        -|       -|         3|        1|     -|       yes|        -|       -|          -|          -|    -|
    +--------------------------------------+--------+-------+---------+--------+----------+---------+------+----------+---------+--------+-----------+-----------+-----+

