Copyright 1986-2020 Xilinx, Inc. All Rights Reserved.
-------------------------------------------------------------------------------------------------------------------------------------------------
| Tool Version : Vivado v.2020.2 (lin64) Build 3064766 Wed Nov 18 09:12:47 MST 2020
| Date         : Thu May  5 15:00:28 2022
| Host         : anubhav-acer running 64-bit Ubuntu 20.04.4 LTS
| Command      : report_utilization -file fwd_fcc_test_conv_bckwd_0_0_utilization_synth.rpt -pb fwd_fcc_test_conv_bckwd_0_0_utilization_synth.pb
| Design       : fwd_fcc_test_conv_bckwd_0_0
| Device       : 7z020clg400-1
| Design State : Synthesized
-------------------------------------------------------------------------------------------------------------------------------------------------

Utilization Design Information

Table of Contents
-----------------
1. Slice Logic
1.1 Summary of Registers by Type
2. Memory
3. DSP
4. IO and GT Specific
5. Clocking
6. Specific Feature
7. Primitives
8. Black Boxes
9. Instantiated Netlists

1. Slice Logic
--------------

+----------------------------+------+-------+-----------+-------+
|          Site Type         | Used | Fixed | Available | Util% |
+----------------------------+------+-------+-----------+-------+
| Slice LUTs*                | 7628 |     0 |     53200 | 14.34 |
|   LUT as Logic             | 5903 |     0 |     53200 | 11.10 |
|   LUT as Memory            | 1725 |     0 |     17400 |  9.91 |
|     LUT as Distributed RAM | 1576 |     0 |           |       |
|     LUT as Shift Register  |  149 |     0 |           |       |
| Slice Registers            | 9177 |     0 |    106400 |  8.63 |
|   Register as Flip Flop    | 9177 |     0 |    106400 |  8.63 |
|   Register as Latch        |    0 |     0 |    106400 |  0.00 |
| F7 Muxes                   |  640 |     0 |     26600 |  2.41 |
| F8 Muxes                   |  288 |     0 |     13300 |  2.17 |
+----------------------------+------+-------+-----------+-------+
* Warning! The Final LUT count, after physical optimizations and full implementation, is typically lower. Run opt_design after synthesis, if not already completed, for a more realistic count.


1.1 Summary of Registers by Type
--------------------------------

+-------+--------------+-------------+--------------+
| Total | Clock Enable | Synchronous | Asynchronous |
+-------+--------------+-------------+--------------+
| 0     |            _ |           - |            - |
| 0     |            _ |           - |          Set |
| 0     |            _ |           - |        Reset |
| 0     |            _ |         Set |            - |
| 0     |            _ |       Reset |            - |
| 0     |          Yes |           - |            - |
| 0     |          Yes |           - |          Set |
| 0     |          Yes |           - |        Reset |
| 25    |          Yes |         Set |            - |
| 9152  |          Yes |       Reset |            - |
+-------+--------------+-------------+--------------+


2. Memory
---------

+-------------------+------+-------+-----------+--------+
|     Site Type     | Used | Fixed | Available |  Util% |
+-------------------+------+-------+-----------+--------+
| Block RAM Tile    |  192 |     0 |       140 | 137.14 |
|   RAMB36/FIFO*    |  192 |     0 |       140 | 137.14 |
|     RAMB36E1 only |  192 |       |           |        |
|   RAMB18          |    0 |     0 |       280 |   0.00 |
+-------------------+------+-------+-----------+--------+
* Note: Each Block RAM Tile only has one FIFO logic available and therefore can accommodate only one FIFO36E1 or one FIFO18E1. However, if a FIFO18E1 occupies a Block RAM Tile, that tile can still accommodate a RAMB18E1


3. DSP
------

+----------------+------+-------+-----------+-------+
|    Site Type   | Used | Fixed | Available | Util% |
+----------------+------+-------+-----------+-------+
| DSPs           |  127 |     0 |       220 | 57.73 |
|   DSP48E1 only |  127 |       |           |       |
+----------------+------+-------+-----------+-------+


4. IO and GT Specific
---------------------

+-----------------------------+------+-------+-----------+-------+
|          Site Type          | Used | Fixed | Available | Util% |
+-----------------------------+------+-------+-----------+-------+
| Bonded IOB                  |    0 |     0 |       125 |  0.00 |
| Bonded IPADs                |    0 |     0 |         2 |  0.00 |
| Bonded IOPADs               |    0 |     0 |       130 |  0.00 |
| PHY_CONTROL                 |    0 |     0 |         4 |  0.00 |
| PHASER_REF                  |    0 |     0 |         4 |  0.00 |
| OUT_FIFO                    |    0 |     0 |        16 |  0.00 |
| IN_FIFO                     |    0 |     0 |        16 |  0.00 |
| IDELAYCTRL                  |    0 |     0 |         4 |  0.00 |
| IBUFDS                      |    0 |     0 |       121 |  0.00 |
| PHASER_OUT/PHASER_OUT_PHY   |    0 |     0 |        16 |  0.00 |
| PHASER_IN/PHASER_IN_PHY     |    0 |     0 |        16 |  0.00 |
| IDELAYE2/IDELAYE2_FINEDELAY |    0 |     0 |       200 |  0.00 |
| ILOGIC                      |    0 |     0 |       125 |  0.00 |
| OLOGIC                      |    0 |     0 |       125 |  0.00 |
+-----------------------------+------+-------+-----------+-------+


5. Clocking
-----------

+------------+------+-------+-----------+-------+
|  Site Type | Used | Fixed | Available | Util% |
+------------+------+-------+-----------+-------+
| BUFGCTRL   |    0 |     0 |        32 |  0.00 |
| BUFIO      |    0 |     0 |        16 |  0.00 |
| MMCME2_ADV |    0 |     0 |         4 |  0.00 |
| PLLE2_ADV  |    0 |     0 |         4 |  0.00 |
| BUFMRCE    |    0 |     0 |         8 |  0.00 |
| BUFHCE     |    0 |     0 |        72 |  0.00 |
| BUFR       |    0 |     0 |        16 |  0.00 |
+------------+------+-------+-----------+-------+


6. Specific Feature
-------------------

+-------------+------+-------+-----------+-------+
|  Site Type  | Used | Fixed | Available | Util% |
+-------------+------+-------+-----------+-------+
| BSCANE2     |    0 |     0 |         4 |  0.00 |
| CAPTUREE2   |    0 |     0 |         1 |  0.00 |
| DNA_PORT    |    0 |     0 |         1 |  0.00 |
| EFUSE_USR   |    0 |     0 |         1 |  0.00 |
| FRAME_ECCE2 |    0 |     0 |         1 |  0.00 |
| ICAPE2      |    0 |     0 |         2 |  0.00 |
| STARTUPE2   |    0 |     0 |         1 |  0.00 |
| XADC        |    0 |     0 |         1 |  0.00 |
+-------------+------+-------+-----------+-------+


7. Primitives
-------------

+----------+------+---------------------+
| Ref Name | Used | Functional Category |
+----------+------+---------------------+
| FDRE     | 9152 |        Flop & Latch |
| LUT2     | 1811 |                 LUT |
| LUT6     | 1575 |                 LUT |
| LUT4     | 1293 |                 LUT |
| LUT3     | 1255 |                 LUT |
| RAMS64E  | 1248 |  Distributed Memory |
| CARRY4   | 1163 |          CarryLogic |
| MUXF7    |  640 |               MuxFx |
| LUT5     |  509 |                 LUT |
| MUXF8    |  288 |               MuxFx |
| RAMD64E  |  280 |  Distributed Memory |
| RAMB36E1 |  192 |        Block Memory |
| SRL16E   |  149 |  Distributed Memory |
| DSP48E1  |  127 |    Block Arithmetic |
| LUT1     |  111 |                 LUT |
| RAMS32   |   48 |  Distributed Memory |
| FDSE     |   25 |        Flop & Latch |
+----------+------+---------------------+


8. Black Boxes
--------------

+----------+------+
| Ref Name | Used |
+----------+------+


9. Instantiated Netlists
------------------------

+----------+------+
| Ref Name | Used |
+----------+------+


